===== START lr3e6 lr=3e-6 =====
[INFO] Wrote config.py (InfoNCE+Excl slim trainer)
[INFO] Start training: /workspace/conda-envs/anc/bin/python main_train_infonce_excl.py
[HP][InfoNCE+Excl] batch=4 epochs=6 lr=3e-06 temp=0.8 | seed=45 save_best=0 | w(excl=0.6,info_nce=1.0) | info_nce_tau=0.07 info_nce_topk_neg=0 | excl_margin=0.3 excl_mode=sim_prob excl_variant=pairwise | excl_pair(alpha=0.5,beta=0.3,region_sim=iou,type_mode=neutral,type_factor=1.5,name_thr=0.5,region_thr=0.5,easy_scale=0.5,hard_scale=1.5)
[Epoch 0] Loss=0.8862 (excl=0.0003, info_nce=0.8860) | Dev P=1.000 R=0.693 F1=0.819
  [Dev-by-EntCount] E=1:acc=0.734(504/687,n=687) | E=2:acc=0.609(162/266,n=133) | E=3:acc=0.433(13/30,n=10) | E=4:acc=1.000(8/8,n=2)
  ℹ️ Best model updated in-memory (disk save is OFF)
[Epoch 1] Loss=0.6127 (excl=0.0002, info_nce=0.6125) | Dev P=1.000 R=0.704 F1=0.827
  [Dev-by-EntCount] E=1:acc=0.747(513/687,n=687) | E=2:acc=0.609(162/266,n=133) | E=3:acc=0.500(15/30,n=10) | E=4:acc=1.000(8/8,n=2)
  ℹ️ Best model updated in-memory (disk save is OFF)
[Epoch 2] Loss=0.5563 (excl=0.0002, info_nce=0.5562) | Dev P=1.000 R=0.704 F1=0.827
  [Dev-by-EntCount] E=1:acc=0.750(515/687,n=687) | E=2:acc=0.605(161/266,n=133) | E=3:acc=0.467(14/30,n=10) | E=4:acc=1.000(8/8,n=2)
[Epoch 3] Loss=0.5196 (excl=0.0002, info_nce=0.5195) | Dev P=1.000 R=0.707 F1=0.829
  [Dev-by-EntCount] E=1:acc=0.754(518/687,n=687) | E=2:acc=0.605(161/266,n=133) | E=3:acc=0.467(14/30,n=10) | E=4:acc=1.000(8/8,n=2)
  ℹ️ Best model updated in-memory (disk save is OFF)
[Epoch 4] Loss=0.4757 (excl=0.0002, info_nce=0.4756) | Dev P=1.000 R=0.708 F1=0.829
  [Dev-by-EntCount] E=1:acc=0.755(519/687,n=687) | E=2:acc=0.609(162/266,n=133) | E=3:acc=0.433(13/30,n=10) | E=4:acc=1.000(8/8,n=2)
  ℹ️ Best model updated in-memory (disk save is OFF)
[Epoch 5] Loss=0.4217 (excl=0.0002, info_nce=0.4216) | Dev P=1.000 R=0.710 F1=0.831
  [Dev-by-EntCount] E=1:acc=0.751(516/687,n=687) | E=2:acc=0.609(162/266,n=133) | E=3:acc=0.600(18/30,n=10) | E=4:acc=1.000(8/8,n=2)
  ℹ️ Best model updated in-memory (disk save is OFF)
[TEST] P=1.000 R=0.720 F1=0.837
[TEST-by-EntCount] E=1:acc=0.778(536/689,n=689) | E=2:acc=0.624(181/290,n=145) | E=3:acc=0.604(29/48,n=16) | E=4:acc=0.333(4/12,n=3) | E=5:acc=0.500(5/10,n=2)
===== END lr3e6 =====
===== START lr5e6 lr=5e-6 =====
[INFO] Wrote config.py (InfoNCE+Excl slim trainer)
[INFO] Start training: /workspace/conda-envs/anc/bin/python main_train_infonce_excl.py
[HP][InfoNCE+Excl] batch=4 epochs=6 lr=5e-06 temp=0.8 | seed=45 save_best=0 | w(excl=0.6,info_nce=1.0) | info_nce_tau=0.07 info_nce_topk_neg=0 | excl_margin=0.3 excl_mode=sim_prob excl_variant=pairwise | excl_pair(alpha=0.5,beta=0.3,region_sim=iou,type_mode=neutral,type_factor=1.5,name_thr=0.5,region_thr=0.5,easy_scale=0.5,hard_scale=1.5)
[Epoch 0] Loss=0.8282 (excl=0.0003, info_nce=0.8280) | Dev P=1.000 R=0.693 F1=0.819
  [Dev-by-EntCount] E=1:acc=0.738(507/687,n=687) | E=2:acc=0.594(158/266,n=133) | E=3:acc=0.467(14/30,n=10) | E=4:acc=1.000(8/8,n=2)
  ℹ️ Best model updated in-memory (disk save is OFF)
[Epoch 1] Loss=0.5916 (excl=0.0002, info_nce=0.5914) | Dev P=1.000 R=0.710 F1=0.831
  [Dev-by-EntCount] E=1:acc=0.754(518/687,n=687) | E=2:acc=0.617(164/266,n=133) | E=3:acc=0.467(14/30,n=10) | E=4:acc=1.000(8/8,n=2)
  ℹ️ Best model updated in-memory (disk save is OFF)
[Epoch 2] Loss=0.5416 (excl=0.0002, info_nce=0.5415) | Dev P=1.000 R=0.705 F1=0.827
  [Dev-by-EntCount] E=1:acc=0.750(515/687,n=687) | E=2:acc=0.609(162/266,n=133) | E=3:acc=0.467(14/30,n=10) | E=4:acc=1.000(8/8,n=2)
[Epoch 3] Loss=0.4945 (excl=0.0002, info_nce=0.4944) | Dev P=1.000 R=0.714 F1=0.833
  [Dev-by-EntCount] E=1:acc=0.764(525/687,n=687) | E=2:acc=0.609(162/266,n=133) | E=3:acc=0.433(13/30,n=10) | E=4:acc=1.000(8/8,n=2)
  ℹ️ Best model updated in-memory (disk save is OFF)
[Epoch 4] Loss=0.4392 (excl=0.0002, info_nce=0.4391) | Dev P=1.000 R=0.721 F1=0.838
  [Dev-by-EntCount] E=1:acc=0.763(524/687,n=687) | E=2:acc=0.628(167/266,n=133) | E=3:acc=0.533(16/30,n=10) | E=4:acc=1.000(8/8,n=2)
  ℹ️ Best model updated in-memory (disk save is OFF)
[Epoch 5] Loss=0.3698 (excl=0.0002, info_nce=0.3697) | Dev P=1.000 R=0.716 F1=0.835
  [Dev-by-EntCount] E=1:acc=0.764(525/687,n=687) | E=2:acc=0.602(160/266,n=133) | E=3:acc=0.567(17/30,n=10) | E=4:acc=1.000(8/8,n=2)
[TEST] P=1.000 R=0.724 F1=0.840
[TEST-by-EntCount] E=1:acc=0.782(539/689,n=689) | E=2:acc=0.621(180/290,n=145) | E=3:acc=0.604(29/48,n=16) | E=4:acc=0.500(6/12,n=3) | E=5:acc=0.500(5/10,n=2)
===== END lr5e6 =====
===== START lr8e6 lr=8e-6 =====
[INFO] Wrote config.py (InfoNCE+Excl slim trainer)
[INFO] Start training: /workspace/conda-envs/anc/bin/python main_train_infonce_excl.py
[HP][InfoNCE+Excl] batch=4 epochs=6 lr=8e-06 temp=0.8 | seed=45 save_best=0 | w(excl=0.6,info_nce=1.0) | info_nce_tau=0.07 info_nce_topk_neg=0 | excl_margin=0.3 excl_mode=sim_prob excl_variant=pairwise | excl_pair(alpha=0.5,beta=0.3,region_sim=iou,type_mode=neutral,type_factor=1.5,name_thr=0.5,region_thr=0.5,easy_scale=0.5,hard_scale=1.5)
[Epoch 0] Loss=0.7769 (excl=0.0003, info_nce=0.7767) | Dev P=1.000 R=0.691 F1=0.817
  [Dev-by-EntCount] E=1:acc=0.735(505/687,n=687) | E=2:acc=0.594(158/266,n=133) | E=3:acc=0.467(14/30,n=10) | E=4:acc=1.000(8/8,n=2)
  ℹ️ Best model updated in-memory (disk save is OFF)
[Epoch 1] Loss=0.5756 (excl=0.0002, info_nce=0.5755) | Dev P=1.000 R=0.707 F1=0.829
  [Dev-by-EntCount] E=1:acc=0.753(517/687,n=687) | E=2:acc=0.609(162/266,n=133) | E=3:acc=0.467(14/30,n=10) | E=4:acc=1.000(8/8,n=2)
  ℹ️ Best model updated in-memory (disk save is OFF)
[Epoch 2] Loss=0.5162 (excl=0.0002, info_nce=0.5161) | Dev P=1.000 R=0.712 F1=0.832
  [Dev-by-EntCount] E=1:acc=0.763(524/687,n=687) | E=2:acc=0.602(160/266,n=133) | E=3:acc=0.467(14/30,n=10) | E=4:acc=1.000(8/8,n=2)
  ℹ️ Best model updated in-memory (disk save is OFF)
[Epoch 3] Loss=0.4559 (excl=0.0002, info_nce=0.4558) | Dev P=1.000 R=0.706 F1=0.828
  [Dev-by-EntCount] E=1:acc=0.757(520/687,n=687) | E=2:acc=0.590(157/266,n=133) | E=3:acc=0.500(15/30,n=10) | E=4:acc=1.000(8/8,n=2)
[Epoch 4] Loss=0.4006 (excl=0.0002, info_nce=0.4005) | Dev P=1.000 R=0.713 F1=0.833
  [Dev-by-EntCount] E=1:acc=0.758(521/687,n=687) | E=2:acc=0.602(160/266,n=133) | E=3:acc=0.600(18/30,n=10) | E=4:acc=1.000(8/8,n=2)
  ℹ️ Best model updated in-memory (disk save is OFF)
[Epoch 5] Loss=0.3303 (excl=0.0002, info_nce=0.3302) | Dev P=1.000 R=0.726 F1=0.841
  [Dev-by-EntCount] E=1:acc=0.761(523/687,n=687) | E=2:acc=0.643(171/266,n=133) | E=3:acc=0.567(17/30,n=10) | E=4:acc=1.000(8/8,n=2)
  ℹ️ Best model updated in-memory (disk save is OFF)
[TEST] P=1.000 R=0.709 F1=0.830
[TEST-by-EntCount] E=1:acc=0.774(533/689,n=689) | E=2:acc=0.590(171/290,n=145) | E=3:acc=0.562(27/48,n=16) | E=4:acc=0.667(8/12,n=3) | E=5:acc=0.500(5/10,n=2)
===== END lr8e6 =====
===== START lr1e5 lr=1e-5 =====
[INFO] Wrote config.py (InfoNCE+Excl slim trainer)
[INFO] Start training: /workspace/conda-envs/anc/bin/python main_train_infonce_excl.py
[HP][InfoNCE+Excl] batch=4 epochs=6 lr=1e-05 temp=0.8 | seed=45 save_best=0 | w(excl=0.6,info_nce=1.0) | info_nce_tau=0.07 info_nce_topk_neg=0 | excl_margin=0.3 excl_mode=sim_prob excl_variant=pairwise | excl_pair(alpha=0.5,beta=0.3,region_sim=iou,type_mode=neutral,type_factor=1.5,name_thr=0.5,region_thr=0.5,easy_scale=0.5,hard_scale=1.5)
[Epoch 0] Loss=0.7803 (excl=0.0002, info_nce=0.7801) | Dev P=1.000 R=0.699 F1=0.823
  [Dev-by-EntCount] E=1:acc=0.741(509/687,n=687) | E=2:acc=0.613(163/266,n=133) | E=3:acc=0.433(13/30,n=10) | E=4:acc=1.000(8/8,n=2)
  ℹ️ Best model updated in-memory (disk save is OFF)
[Epoch 1] Loss=0.5793 (excl=0.0002, info_nce=0.5792) | Dev P=1.000 R=0.699 F1=0.823
  [Dev-by-EntCount] E=1:acc=0.748(514/687,n=687) | E=2:acc=0.590(157/266,n=133) | E=3:acc=0.467(14/30,n=10) | E=4:acc=1.000(8/8,n=2)
[Epoch 2] Loss=0.5218 (excl=0.0002, info_nce=0.5217) | Dev P=1.000 R=0.700 F1=0.824
  [Dev-by-EntCount] E=1:acc=0.747(513/687,n=687) | E=2:acc=0.602(160/266,n=133) | E=3:acc=0.433(13/30,n=10) | E=4:acc=1.000(8/8,n=2)
  ℹ️ Best model updated in-memory (disk save is OFF)
[Epoch 3] Loss=0.4665 (excl=0.0002, info_nce=0.4664) | Dev P=1.000 R=0.702 F1=0.825
  [Dev-by-EntCount] E=1:acc=0.751(516/687,n=687) | E=2:acc=0.586(156/266,n=133) | E=3:acc=0.533(16/30,n=10) | E=4:acc=1.000(8/8,n=2)
  ℹ️ Best model updated in-memory (disk save is OFF)
[Epoch 4] Loss=0.4191 (excl=0.0002, info_nce=0.4190) | Dev P=1.000 R=0.701 F1=0.824
  [Dev-by-EntCount] E=1:acc=0.753(517/687,n=687) | E=2:acc=0.590(157/266,n=133) | E=3:acc=0.433(13/30,n=10) | E=4:acc=1.000(8/8,n=2)
