===== START tau005_topk0 tau=0.05 topk_neg=0 =====
[INFO] Wrote config.py (InfoNCE+Excl slim trainer)
[INFO] Start training: /workspace/conda-envs/anc/bin/python main_train_infonce_excl.py
[HP][InfoNCE+Excl] batch=4 epochs=6 lr=5e-06 temp=0.8 | seed=45 save_best=0 | w(excl=0.6,info_nce=1.0) | info_nce_tau=0.05 info_nce_topk_neg=0 | excl_margin=0.3 excl_mode=sim_prob excl_variant=pairwise | excl_pair(alpha=0.5,beta=0.3,region_sim=iou,type_mode=neutral,type_factor=1.5,name_thr=0.5,region_thr=0.5,easy_scale=0.5,hard_scale=1.5)
[Epoch 0] Loss=0.7991 (excl=0.0003, info_nce=0.7990) | Dev P=1.000 R=0.697 F1=0.822
  [Dev-by-EntCount] E=1:acc=0.739(508/687,n=687) | E=2:acc=0.605(161/266,n=133) | E=3:acc=0.467(14/30,n=10) | E=4:acc=1.000(8/8,n=2)
  ℹ️ Best model updated in-memory (disk save is OFF)
[Epoch 1] Loss=0.5893 (excl=0.0003, info_nce=0.5891) | Dev P=1.000 R=0.704 F1=0.827
  [Dev-by-EntCount] E=1:acc=0.750(515/687,n=687) | E=2:acc=0.605(161/266,n=133) | E=3:acc=0.467(14/30,n=10) | E=4:acc=1.000(8/8,n=2)
  ℹ️ Best model updated in-memory (disk save is OFF)
[Epoch 2] Loss=0.5264 (excl=0.0002, info_nce=0.5263) | Dev P=1.000 R=0.703 F1=0.826
  [Dev-by-EntCount] E=1:acc=0.753(517/687,n=687) | E=2:acc=0.598(159/266,n=133) | E=3:acc=0.433(13/30,n=10) | E=4:acc=1.000(8/8,n=2)
[Epoch 3] Loss=0.4756 (excl=0.0002, info_nce=0.4755) | Dev P=1.000 R=0.709 F1=0.830
  [Dev-by-EntCount] E=1:acc=0.761(523/687,n=687) | E=2:acc=0.594(158/266,n=133) | E=3:acc=0.467(14/30,n=10) | E=4:acc=1.000(8/8,n=2)
  ℹ️ Best model updated in-memory (disk save is OFF)
[Epoch 4] Loss=0.4170 (excl=0.0002, info_nce=0.4169) | Dev P=1.000 R=0.714 F1=0.833
  [Dev-by-EntCount] E=1:acc=0.763(524/687,n=687) | E=2:acc=0.609(162/266,n=133) | E=3:acc=0.467(14/30,n=10) | E=4:acc=1.000(8/8,n=2)
  ℹ️ Best model updated in-memory (disk save is OFF)
[Epoch 5] Loss=0.3628 (excl=0.0002, info_nce=0.3627) | Dev P=1.000 R=0.727 F1=0.842
  [Dev-by-EntCount] E=1:acc=0.773(531/687,n=687) | E=2:acc=0.620(165/266,n=133) | E=3:acc=0.533(16/30,n=10) | E=4:acc=1.000(8/8,n=2)
  ℹ️ Best model updated in-memory (disk save is OFF)
[TEST] P=1.000 R=0.731 F1=0.845
[TEST-by-EntCount] E=1:acc=0.790(544/689,n=689) | E=2:acc=0.628(182/290,n=145) | E=3:acc=0.604(29/48,n=16) | E=4:acc=0.583(7/12,n=3) | E=5:acc=0.500(5/10,n=2)
===== END tau005_topk0 =====
===== START tau007_topk0 tau=0.07 topk_neg=0 =====
[INFO] Wrote config.py (InfoNCE+Excl slim trainer)
[INFO] Start training: /workspace/conda-envs/anc/bin/python main_train_infonce_excl.py
[HP][InfoNCE+Excl] batch=4 epochs=6 lr=5e-06 temp=0.8 | seed=45 save_best=0 | w(excl=0.6,info_nce=1.0) | info_nce_tau=0.07 info_nce_topk_neg=0 | excl_margin=0.3 excl_mode=sim_prob excl_variant=pairwise | excl_pair(alpha=0.5,beta=0.3,region_sim=iou,type_mode=neutral,type_factor=1.5,name_thr=0.5,region_thr=0.5,easy_scale=0.5,hard_scale=1.5)
[Epoch 0] Loss=0.8282 (excl=0.0003, info_nce=0.8280) | Dev P=1.000 R=0.693 F1=0.819
  [Dev-by-EntCount] E=1:acc=0.738(507/687,n=687) | E=2:acc=0.594(158/266,n=133) | E=3:acc=0.467(14/30,n=10) | E=4:acc=1.000(8/8,n=2)
  ℹ️ Best model updated in-memory (disk save is OFF)
[Epoch 1] Loss=0.5916 (excl=0.0002, info_nce=0.5914) | Dev P=1.000 R=0.710 F1=0.831
  [Dev-by-EntCount] E=1:acc=0.754(518/687,n=687) | E=2:acc=0.617(164/266,n=133) | E=3:acc=0.467(14/30,n=10) | E=4:acc=1.000(8/8,n=2)
  ℹ️ Best model updated in-memory (disk save is OFF)
[Epoch 2] Loss=0.5416 (excl=0.0002, info_nce=0.5415) | Dev P=1.000 R=0.705 F1=0.827
  [Dev-by-EntCount] E=1:acc=0.750(515/687,n=687) | E=2:acc=0.609(162/266,n=133) | E=3:acc=0.467(14/30,n=10) | E=4:acc=1.000(8/8,n=2)
[Epoch 3] Loss=0.4945 (excl=0.0002, info_nce=0.4944) | Dev P=1.000 R=0.714 F1=0.833
  [Dev-by-EntCount] E=1:acc=0.764(525/687,n=687) | E=2:acc=0.609(162/266,n=133) | E=3:acc=0.433(13/30,n=10) | E=4:acc=1.000(8/8,n=2)
  ℹ️ Best model updated in-memory (disk save is OFF)
[Epoch 4] Loss=0.4392 (excl=0.0002, info_nce=0.4391) | Dev P=1.000 R=0.721 F1=0.838
  [Dev-by-EntCount] E=1:acc=0.763(524/687,n=687) | E=2:acc=0.628(167/266,n=133) | E=3:acc=0.533(16/30,n=10) | E=4:acc=1.000(8/8,n=2)
  ℹ️ Best model updated in-memory (disk save is OFF)
[Epoch 5] Loss=0.3698 (excl=0.0002, info_nce=0.3697) | Dev P=1.000 R=0.716 F1=0.835
  [Dev-by-EntCount] E=1:acc=0.764(525/687,n=687) | E=2:acc=0.602(160/266,n=133) | E=3:acc=0.567(17/30,n=10) | E=4:acc=1.000(8/8,n=2)
[TEST] P=1.000 R=0.724 F1=0.840
[TEST-by-EntCount] E=1:acc=0.782(539/689,n=689) | E=2:acc=0.621(180/290,n=145) | E=3:acc=0.604(29/48,n=16) | E=4:acc=0.500(6/12,n=3) | E=5:acc=0.500(5/10,n=2)
===== END tau007_topk0 =====
===== START tau010_topk0 tau=0.10 topk_neg=0 =====
[INFO] Wrote config.py (InfoNCE+Excl slim trainer)
[INFO] Start training: /workspace/conda-envs/anc/bin/python main_train_infonce_excl.py
[HP][InfoNCE+Excl] batch=4 epochs=6 lr=5e-06 temp=0.8 | seed=45 save_best=0 | w(excl=0.6,info_nce=1.0) | info_nce_tau=0.1 info_nce_topk_neg=0 | excl_margin=0.3 excl_mode=sim_prob excl_variant=pairwise | excl_pair(alpha=0.5,beta=0.3,region_sim=iou,type_mode=neutral,type_factor=1.5,name_thr=0.5,region_thr=0.5,easy_scale=0.5,hard_scale=1.5)
[Epoch 0] Loss=0.8813 (excl=0.0002, info_nce=0.8811) | Dev P=1.000 R=0.690 F1=0.817
  [Dev-by-EntCount] E=1:acc=0.734(504/687,n=687) | E=2:acc=0.598(159/266,n=133) | E=3:acc=0.433(13/30,n=10) | E=4:acc=1.000(8/8,n=2)
  ℹ️ Best model updated in-memory (disk save is OFF)
[Epoch 1] Loss=0.6170 (excl=0.0002, info_nce=0.6169) | Dev P=1.000 R=0.705 F1=0.827
  [Dev-by-EntCount] E=1:acc=0.753(517/687,n=687) | E=2:acc=0.605(161/266,n=133) | E=3:acc=0.433(13/30,n=10) | E=4:acc=1.000(8/8,n=2)
  ℹ️ Best model updated in-memory (disk save is OFF)
[Epoch 2] Loss=0.5600 (excl=0.0001, info_nce=0.5599) | Dev P=1.000 R=0.708 F1=0.829
  [Dev-by-EntCount] E=1:acc=0.753(517/687,n=687) | E=2:acc=0.617(164/266,n=133) | E=3:acc=0.433(13/30,n=10) | E=4:acc=1.000(8/8,n=2)
  ℹ️ Best model updated in-memory (disk save is OFF)
[Epoch 3] Loss=0.5160 (excl=0.0001, info_nce=0.5159) | Dev P=1.000 R=0.703 F1=0.826
  [Dev-by-EntCount] E=1:acc=0.750(515/687,n=687) | E=2:acc=0.605(161/266,n=133) | E=3:acc=0.433(13/30,n=10) | E=4:acc=1.000(8/8,n=2)
[Epoch 4] Loss=0.4708 (excl=0.0002, info_nce=0.4707) | Dev P=1.000 R=0.712 F1=0.832
  [Dev-by-EntCount] E=1:acc=0.753(517/687,n=687) | E=2:acc=0.624(166/266,n=133) | E=3:acc=0.533(16/30,n=10) | E=4:acc=0.875(7/8,n=2)
  ℹ️ Best model updated in-memory (disk save is OFF)
[Epoch 5] Loss=0.4163 (excl=0.0002, info_nce=0.4162) | Dev P=1.000 R=0.715 F1=0.834
  [Dev-by-EntCount] E=1:acc=0.751(516/687,n=687) | E=2:acc=0.643(171/266,n=133) | E=3:acc=0.467(14/30,n=10) | E=4:acc=1.000(8/8,n=2)
  ℹ️ Best model updated in-memory (disk save is OFF)
[TEST] P=1.000 R=0.715 F1=0.834
[TEST-by-EntCount] E=1:acc=0.774(533/689,n=689) | E=2:acc=0.607(176/290,n=145) | E=3:acc=0.604(29/48,n=16) | E=4:acc=0.500(6/12,n=3) | E=5:acc=0.600(6/10,n=2)
===== END tau010_topk0 =====
===== START tau007_topk4 tau=0.07 topk_neg=4 =====
[INFO] Wrote config.py (InfoNCE+Excl slim trainer)
[INFO] Start training: /workspace/conda-envs/anc/bin/python main_train_infonce_excl.py
[HP][InfoNCE+Excl] batch=4 epochs=6 lr=5e-06 temp=0.8 | seed=45 save_best=0 | w(excl=0.6,info_nce=1.0) | info_nce_tau=0.07 info_nce_topk_neg=4 | excl_margin=0.3 excl_mode=sim_prob excl_variant=pairwise | excl_pair(alpha=0.5,beta=0.3,region_sim=iou,type_mode=neutral,type_factor=1.5,name_thr=0.5,region_thr=0.5,easy_scale=0.5,hard_scale=1.5)
