===== START noanchor_pairwise_only excl=0.6 lr=5e-6 =====
[INFO] Wrote config.py (InfoNCE+Excl slim trainer)
[INFO] Start training: /workspace/conda-envs/anc/bin/python main_train_infonce_excl.py
[HP][InfoNCE+Excl] batch=4 epochs=6 lr=5e-06 temp=0.8 | seed=45 save_best=0 | w(excl=0.6,info_nce=1.0) | info_nce_tau=0.07 info_nce_topk_neg=0 | excl_margin=0.3 excl_mode=sim_prob excl_variant=pairwise | excl_pair(alpha=0.5,beta=0.3,region_sim=iou,type_mode=neutral,type_factor=1.5,name_thr=0.5,region_thr=0.5,easy_scale=0.5,hard_scale=1.5)
[Epoch 0] Loss=0.8282 (excl=0.0003, info_nce=0.8280) | Dev P=1.000 R=0.693 F1=0.819
  [Dev-by-EntCount] E=1:acc=0.738(507/687,n=687) | E=2:acc=0.594(158/266,n=133) | E=3:acc=0.467(14/30,n=10) | E=4:acc=1.000(8/8,n=2)
  ℹ️ Best model updated in-memory (disk save is OFF)
[Epoch 1] Loss=0.5916 (excl=0.0002, info_nce=0.5914) | Dev P=1.000 R=0.710 F1=0.831
  [Dev-by-EntCount] E=1:acc=0.754(518/687,n=687) | E=2:acc=0.617(164/266,n=133) | E=3:acc=0.467(14/30,n=10) | E=4:acc=1.000(8/8,n=2)
  ℹ️ Best model updated in-memory (disk save is OFF)
[Epoch 2] Loss=0.5416 (excl=0.0002, info_nce=0.5415) | Dev P=1.000 R=0.705 F1=0.827
  [Dev-by-EntCount] E=1:acc=0.750(515/687,n=687) | E=2:acc=0.609(162/266,n=133) | E=3:acc=0.467(14/30,n=10) | E=4:acc=1.000(8/8,n=2)
[Epoch 3] Loss=0.4945 (excl=0.0002, info_nce=0.4944) | Dev P=1.000 R=0.714 F1=0.833
  [Dev-by-EntCount] E=1:acc=0.764(525/687,n=687) | E=2:acc=0.609(162/266,n=133) | E=3:acc=0.433(13/30,n=10) | E=4:acc=1.000(8/8,n=2)
  ℹ️ Best model updated in-memory (disk save is OFF)
[Epoch 4] Loss=0.4392 (excl=0.0002, info_nce=0.4391) | Dev P=1.000 R=0.721 F1=0.838
  [Dev-by-EntCount] E=1:acc=0.763(524/687,n=687) | E=2:acc=0.628(167/266,n=133) | E=3:acc=0.533(16/30,n=10) | E=4:acc=1.000(8/8,n=2)
  ℹ️ Best model updated in-memory (disk save is OFF)
[Epoch 5] Loss=0.3698 (excl=0.0002, info_nce=0.3697) | Dev P=1.000 R=0.716 F1=0.835
  [Dev-by-EntCount] E=1:acc=0.764(525/687,n=687) | E=2:acc=0.602(160/266,n=133) | E=3:acc=0.567(17/30,n=10) | E=4:acc=1.000(8/8,n=2)
[TEST] P=1.000 R=0.724 F1=0.840
[TEST-by-EntCount] E=1:acc=0.782(539/689,n=689) | E=2:acc=0.621(180/290,n=145) | E=3:acc=0.604(29/48,n=16) | E=4:acc=0.500(6/12,n=3) | E=5:acc=0.500(5/10,n=2)
===== END noanchor_pairwise_only =====
