===== START topk4 tau=0.05 topk_neg=4 =====
[INFO] Wrote config.py (InfoNCE+Excl slim trainer)
[INFO] Start training: /workspace/conda-envs/anc/bin/python main_train_infonce_excl.py
[HP][InfoNCE+Excl] batch=4 epochs=6 lr=5e-06 temp=0.8 | seed=45 save_best=0 | w(excl=0.6,info_nce=1.0) | info_nce_tau=0.05 info_nce_topk_neg=4 | excl_margin=0.3 excl_mode=sim_prob excl_variant=pairwise | excl_pair(alpha=0.5,beta=0.3,region_sim=iou,type_mode=neutral,type_factor=1.5,name_thr=0.5,region_thr=0.5,easy_scale=0.5,hard_scale=1.5)
[Epoch 0] Loss=0.6938 (excl=0.0003, info_nce=0.6936) | Dev P=1.000 R=0.687 F1=0.815
  [Dev-by-EntCount] E=1:acc=0.729(501/687,n=687) | E=2:acc=0.598(159/266,n=133) | E=3:acc=0.433(13/30,n=10) | E=4:acc=1.000(8/8,n=2)
  ℹ️ Best model updated in-memory (disk save is OFF)
[Epoch 1] Loss=0.5373 (excl=0.0003, info_nce=0.5371) | Dev P=1.000 R=0.713 F1=0.833
  [Dev-by-EntCount] E=1:acc=0.755(519/687,n=687) | E=2:acc=0.624(166/266,n=133) | E=3:acc=0.467(14/30,n=10) | E=4:acc=1.000(8/8,n=2)
  ℹ️ Best model updated in-memory (disk save is OFF)
[Epoch 2] Loss=0.4865 (excl=0.0003, info_nce=0.4863) | Dev P=1.000 R=0.713 F1=0.833
  [Dev-by-EntCount] E=1:acc=0.757(520/687,n=687) | E=2:acc=0.624(166/266,n=133) | E=3:acc=0.433(13/30,n=10) | E=4:acc=1.000(8/8,n=2)
[Epoch 3] Loss=0.4307 (excl=0.0002, info_nce=0.4305) | Dev P=1.000 R=0.718 F1=0.836
  [Dev-by-EntCount] E=1:acc=0.758(521/687,n=687) | E=2:acc=0.628(167/266,n=133) | E=3:acc=0.533(16/30,n=10) | E=4:acc=1.000(8/8,n=2)
  ℹ️ Best model updated in-memory (disk save is OFF)
[Epoch 4] Loss=0.3736 (excl=0.0002, info_nce=0.3735) | Dev P=1.000 R=0.730 F1=0.844
  [Dev-by-EntCount] E=1:acc=0.769(528/687,n=687) | E=2:acc=0.647(172/266,n=133) | E=3:acc=0.500(15/30,n=10) | E=4:acc=1.000(8/8,n=2)
  ℹ️ Best model updated in-memory (disk save is OFF)
[Epoch 5] Loss=0.3083 (excl=0.0002, info_nce=0.3081) | Dev P=1.000 R=0.724 F1=0.840
  [Dev-by-EntCount] E=1:acc=0.760(522/687,n=687) | E=2:acc=0.647(172/266,n=133) | E=3:acc=0.500(15/30,n=10) | E=4:acc=1.000(8/8,n=2)
[TEST] P=1.000 R=0.724 F1=0.840
[TEST-by-EntCount] E=1:acc=0.784(540/689,n=689) | E=2:acc=0.614(178/290,n=145) | E=3:acc=0.604(29/48,n=16) | E=4:acc=0.667(8/12,n=3) | E=5:acc=0.400(4/10,n=2)
===== END topk4 =====
