===== START tau010_topk0 tau=0.10 topk_neg=0 =====
[INFO] Wrote config.py (InfoNCE+Excl slim trainer)
[INFO] Start training: /workspace/conda-envs/anc/bin/python main_train_infonce_excl.py
[HP][InfoNCE+Excl] batch=4 epochs=6 lr=5e-06 temp=0.8 | seed=45 save_best=0 | w(excl=0.6,info_nce=1.0) | info_nce_tau=0.1 info_nce_topk_neg=0 | excl_margin=0.3 excl_mode=sim_prob excl_variant=pairwise | excl_pair(alpha=0.5,beta=0.3,region_sim=iou,type_mode=neutral,type_factor=1.5,name_thr=0.5,region_thr=0.5,easy_scale=0.5,hard_scale=1.5)
[Epoch 0] Loss=0.8813 (excl=0.0002, info_nce=0.8811) | Dev P=1.000 R=0.690 F1=0.817
  [Dev-by-EntCount] E=1:acc=0.734(504/687,n=687) | E=2:acc=0.598(159/266,n=133) | E=3:acc=0.433(13/30,n=10) | E=4:acc=1.000(8/8,n=2)
  ℹ️ Best model updated in-memory (disk save is OFF)
[Epoch 1] Loss=0.6170 (excl=0.0002, info_nce=0.6169) | Dev P=1.000 R=0.705 F1=0.827
  [Dev-by-EntCount] E=1:acc=0.753(517/687,n=687) | E=2:acc=0.605(161/266,n=133) | E=3:acc=0.433(13/30,n=10) | E=4:acc=1.000(8/8,n=2)
  ℹ️ Best model updated in-memory (disk save is OFF)
[Epoch 2] Loss=0.5600 (excl=0.0001, info_nce=0.5599) | Dev P=1.000 R=0.708 F1=0.829
  [Dev-by-EntCount] E=1:acc=0.753(517/687,n=687) | E=2:acc=0.617(164/266,n=133) | E=3:acc=0.433(13/30,n=10) | E=4:acc=1.000(8/8,n=2)
  ℹ️ Best model updated in-memory (disk save is OFF)
[Epoch 3] Loss=0.5160 (excl=0.0001, info_nce=0.5159) | Dev P=1.000 R=0.703 F1=0.826
  [Dev-by-EntCount] E=1:acc=0.750(515/687,n=687) | E=2:acc=0.605(161/266,n=133) | E=3:acc=0.433(13/30,n=10) | E=4:acc=1.000(8/8,n=2)
[Epoch 4] Loss=0.4708 (excl=0.0002, info_nce=0.4707) | Dev P=1.000 R=0.712 F1=0.832
  [Dev-by-EntCount] E=1:acc=0.753(517/687,n=687) | E=2:acc=0.624(166/266,n=133) | E=3:acc=0.533(16/30,n=10) | E=4:acc=0.875(7/8,n=2)
  ℹ️ Best model updated in-memory (disk save is OFF)
[Epoch 5] Loss=0.4163 (excl=0.0002, info_nce=0.4162) | Dev P=1.000 R=0.715 F1=0.834
  [Dev-by-EntCount] E=1:acc=0.751(516/687,n=687) | E=2:acc=0.643(171/266,n=133) | E=3:acc=0.467(14/30,n=10) | E=4:acc=1.000(8/8,n=2)
  ℹ️ Best model updated in-memory (disk save is OFF)
[TEST] P=1.000 R=0.715 F1=0.834
[TEST-by-EntCount] E=1:acc=0.774(533/689,n=689) | E=2:acc=0.607(176/290,n=145) | E=3:acc=0.604(29/48,n=16) | E=4:acc=0.500(6/12,n=3) | E=5:acc=0.600(6/10,n=2)
===== END tau010_topk0 =====
