[START] temp-topk sweep
[CFG] MODEL_NAME=xlm-roberta-large LR=5e-6 EPOCHS=6 BATCH_SIZE=4 SEED=45
[CFG] SWEEP_TEMPERATURES=0.5 0.7 0.9
[CFG] SWEEP_TOPK_NEGS=8 16 32 64 128
[CFG] LOG_FILE=logs/sweep_temp_topk_2026-03-19_11-40-08.log
============================================================
[RUN] temp=0.5 topk=8
============================================================
[INFO] Wrote config.py (InfoNCE+Excl slim trainer)
[INFO] Start training: /workspace/conda-envs/anc/bin/python main_train_infonce_excl.py
[HP][InfoNCE+Excl] batch=4 epochs=6 lr=5e-06 temp=0.5 | seed=45 save_best=0 | w(excl=0.6,info_nce=1.0) | info_nce_tau=0.05 info_nce_topk_neg=8 | excl_margin=0.3 excl_mode=sim_prob excl_variant=pairwise | excl_pair(alpha=0.5,beta=0.3,region_sim=iou,type_mode=neutral,type_factor=1.5,name_thr=0.5,region_thr=0.5,easy_scale=0.5,hard_scale=1.5)
[Epoch 0] Loss=0.7544 (excl=0.0003, info_nce=0.7542) | Dev P=1.000 R=0.690 F1=0.817
  [Dev-by-EntCount] E=1:acc=0.731(502/687,n=687) | E=2:acc=0.605(161/266,n=133) | E=3:acc=0.433(13/30,n=10) | E=4:acc=1.000(8/8,n=2)
  ℹ️ Best model updated in-memory (disk save is OFF)
[Epoch 1] Loss=0.5728 (excl=0.0003, info_nce=0.5726) | Dev P=1.000 R=0.703 F1=0.826
  [Dev-by-EntCount] E=1:acc=0.748(514/687,n=687) | E=2:acc=0.609(162/266,n=133) | E=3:acc=0.433(13/30,n=10) | E=4:acc=1.000(8/8,n=2)
  ℹ️ Best model updated in-memory (disk save is OFF)
[Epoch 2] Loss=0.5103 (excl=0.0003, info_nce=0.5102) | Dev P=1.000 R=0.714 F1=0.833
  [Dev-by-EntCount] E=1:acc=0.757(520/687,n=687) | E=2:acc=0.620(165/266,n=133) | E=3:acc=0.500(15/30,n=10) | E=4:acc=1.000(8/8,n=2)
  ℹ️ Best model updated in-memory (disk save is OFF)
[Epoch 3] Loss=0.4604 (excl=0.0002, info_nce=0.4602) | Dev P=1.000 R=0.714 F1=0.833
  [Dev-by-EntCount] E=1:acc=0.761(523/687,n=687) | E=2:acc=0.602(160/266,n=133) | E=3:acc=0.567(17/30,n=10) | E=4:acc=1.000(8/8,n=2)
[Epoch 4] Loss=0.3988 (excl=0.0002, info_nce=0.3986) | Dev P=1.000 R=0.723 F1=0.839
  [Dev-by-EntCount] E=1:acc=0.764(525/687,n=687) | E=2:acc=0.624(166/266,n=133) | E=3:acc=0.567(17/30,n=10) | E=4:acc=1.000(8/8,n=2)
  ℹ️ Best model updated in-memory (disk save is OFF)
[Epoch 5] Loss=0.3285 (excl=0.0002, info_nce=0.3284) | Dev P=1.000 R=0.723 F1=0.839
  [Dev-by-EntCount] E=1:acc=0.770(529/687,n=687) | E=2:acc=0.609(162/266,n=133) | E=3:acc=0.567(17/30,n=10) | E=4:acc=1.000(8/8,n=2)
[TEST] P=1.000 R=0.725 F1=0.841
[TEST-by-EntCount] E=1:acc=0.787(542/689,n=689) | E=2:acc=0.610(177/290,n=145) | E=3:acc=0.604(29/48,n=16) | E=4:acc=0.667(8/12,n=3) | E=5:acc=0.500(5/10,n=2)
[DONE-RUN] temp=0.5 topk=8
============================================================
[RUN] temp=0.5 topk=16
============================================================
[INFO] Wrote config.py (InfoNCE+Excl slim trainer)
[INFO] Start training: /workspace/conda-envs/anc/bin/python main_train_infonce_excl.py
[HP][InfoNCE+Excl] batch=4 epochs=6 lr=5e-06 temp=0.5 | seed=45 save_best=0 | w(excl=0.6,info_nce=1.0) | info_nce_tau=0.05 info_nce_topk_neg=16 | excl_margin=0.3 excl_mode=sim_prob excl_variant=pairwise | excl_pair(alpha=0.5,beta=0.3,region_sim=iou,type_mode=neutral,type_factor=1.5,name_thr=0.5,region_thr=0.5,easy_scale=0.5,hard_scale=1.5)
[Epoch 0] Loss=0.7858 (excl=0.0003, info_nce=0.7856) | Dev P=1.000 R=0.694 F1=0.820
  [Dev-by-EntCount] E=1:acc=0.738(507/687,n=687) | E=2:acc=0.598(159/266,n=133) | E=3:acc=0.467(14/30,n=10) | E=4:acc=1.000(8/8,n=2)
  ℹ️ Best model updated in-memory (disk save is OFF)
[Epoch 1] Loss=0.5775 (excl=0.0003, info_nce=0.5774) | Dev P=1.000 R=0.706 F1=0.828
  [Dev-by-EntCount] E=1:acc=0.750(515/687,n=687) | E=2:acc=0.617(164/266,n=133) | E=3:acc=0.433(13/30,n=10) | E=4:acc=1.000(8/8,n=2)
  ℹ️ Best model updated in-memory (disk save is OFF)
[Epoch 2] Loss=0.5174 (excl=0.0003, info_nce=0.5172) | Dev P=1.000 R=0.710 F1=0.831
  [Dev-by-EntCount] E=1:acc=0.755(519/687,n=687) | E=2:acc=0.613(163/266,n=133) | E=3:acc=0.467(14/30,n=10) | E=4:acc=1.000(8/8,n=2)
  ℹ️ Best model updated in-memory (disk save is OFF)
[Epoch 3] Loss=0.4635 (excl=0.0002, info_nce=0.4634) | Dev P=1.000 R=0.711 F1=0.831
  [Dev-by-EntCount] E=1:acc=0.763(524/687,n=687) | E=2:acc=0.602(160/266,n=133) | E=3:acc=0.433(13/30,n=10) | E=4:acc=1.000(8/8,n=2)
  ℹ️ Best model updated in-memory (disk save is OFF)
[Epoch 4] Loss=0.4084 (excl=0.0002, info_nce=0.4083) | Dev P=1.000 R=0.719 F1=0.837
  [Dev-by-EntCount] E=1:acc=0.771(530/687,n=687) | E=2:acc=0.602(160/266,n=133) | E=3:acc=0.500(15/30,n=10) | E=4:acc=1.000(8/8,n=2)
  ℹ️ Best model updated in-memory (disk save is OFF)
[Epoch 5] Loss=0.3381 (excl=0.0002, info_nce=0.3379) | Dev P=1.000 R=0.717 F1=0.835
  [Dev-by-EntCount] E=1:acc=0.767(527/687,n=687) | E=2:acc=0.613(163/266,n=133) | E=3:acc=0.433(13/30,n=10) | E=4:acc=1.000(8/8,n=2)
[TEST] P=1.000 R=0.733 F1=0.846
[TEST-by-EntCount] E=1:acc=0.790(544/689,n=689) | E=2:acc=0.631(183/290,n=145) | E=3:acc=0.604(29/48,n=16) | E=4:acc=0.667(8/12,n=3) | E=5:acc=0.500(5/10,n=2)
[DONE-RUN] temp=0.5 topk=16
============================================================
[RUN] temp=0.5 topk=32
============================================================
[INFO] Wrote config.py (InfoNCE+Excl slim trainer)
[INFO] Start training: /workspace/conda-envs/anc/bin/python main_train_infonce_excl.py
[HP][InfoNCE+Excl] batch=4 epochs=6 lr=5e-06 temp=0.5 | seed=45 save_best=0 | w(excl=0.6,info_nce=1.0) | info_nce_tau=0.05 info_nce_topk_neg=32 | excl_margin=0.3 excl_mode=sim_prob excl_variant=pairwise | excl_pair(alpha=0.5,beta=0.3,region_sim=iou,type_mode=neutral,type_factor=1.5,name_thr=0.5,region_thr=0.5,easy_scale=0.5,hard_scale=1.5)
[Epoch 0] Loss=0.7953 (excl=0.0003, info_nce=0.7951) | Dev P=1.000 R=0.697 F1=0.822
  [Dev-by-EntCount] E=1:acc=0.738(507/687,n=687) | E=2:acc=0.609(162/266,n=133) | E=3:acc=0.467(14/30,n=10) | E=4:acc=1.000(8/8,n=2)
  ℹ️ Best model updated in-memory (disk save is OFF)
[Epoch 1] Loss=0.5759 (excl=0.0003, info_nce=0.5758) | Dev P=1.000 R=0.706 F1=0.828
  [Dev-by-EntCount] E=1:acc=0.753(517/687,n=687) | E=2:acc=0.609(162/266,n=133) | E=3:acc=0.433(13/30,n=10) | E=4:acc=1.000(8/8,n=2)
  ℹ️ Best model updated in-memory (disk save is OFF)
[Epoch 2] Loss=0.5181 (excl=0.0003, info_nce=0.5180) | Dev P=1.000 R=0.711 F1=0.831
  [Dev-by-EntCount] E=1:acc=0.757(520/687,n=687) | E=2:acc=0.613(163/266,n=133) | E=3:acc=0.467(14/30,n=10) | E=4:acc=1.000(8/8,n=2)
  ℹ️ Best model updated in-memory (disk save is OFF)
[Epoch 3] Loss=0.4660 (excl=0.0002, info_nce=0.4658) | Dev P=1.000 R=0.716 F1=0.835
  [Dev-by-EntCount] E=1:acc=0.760(522/687,n=687) | E=2:acc=0.617(164/266,n=133) | E=3:acc=0.533(16/30,n=10) | E=4:acc=1.000(8/8,n=2)
  ℹ️ Best model updated in-memory (disk save is OFF)
[Epoch 4] Loss=0.4038 (excl=0.0002, info_nce=0.4036) | Dev P=1.000 R=0.718 F1=0.836
  [Dev-by-EntCount] E=1:acc=0.766(526/687,n=687) | E=2:acc=0.605(161/266,n=133) | E=3:acc=0.567(17/30,n=10) | E=4:acc=1.000(8/8,n=2)
  ℹ️ Best model updated in-memory (disk save is OFF)
[Epoch 5] Loss=0.3330 (excl=0.0002, info_nce=0.3329) | Dev P=1.000 R=0.718 F1=0.836
  [Dev-by-EntCount] E=1:acc=0.767(527/687,n=687) | E=2:acc=0.609(162/266,n=133) | E=3:acc=0.500(15/30,n=10) | E=4:acc=1.000(8/8,n=2)
[TEST] P=1.000 R=0.727 F1=0.842
[TEST-by-EntCount] E=1:acc=0.779(537/689,n=689) | E=2:acc=0.634(184/290,n=145) | E=3:acc=0.604(29/48,n=16) | E=4:acc=0.667(8/12,n=3) | E=5:acc=0.500(5/10,n=2)
[DONE-RUN] temp=0.5 topk=32
============================================================
[RUN] temp=0.5 topk=64
============================================================
[INFO] Wrote config.py (InfoNCE+Excl slim trainer)
[INFO] Start training: /workspace/conda-envs/anc/bin/python main_train_infonce_excl.py
[HP][InfoNCE+Excl] batch=4 epochs=6 lr=5e-06 temp=0.5 | seed=45 save_best=0 | w(excl=0.6,info_nce=1.0) | info_nce_tau=0.05 info_nce_topk_neg=64 | excl_margin=0.3 excl_mode=sim_prob excl_variant=pairwise | excl_pair(alpha=0.5,beta=0.3,region_sim=iou,type_mode=neutral,type_factor=1.5,name_thr=0.5,region_thr=0.5,easy_scale=0.5,hard_scale=1.5)
[Epoch 0] Loss=0.8000 (excl=0.0003, info_nce=0.7998) | Dev P=1.000 R=0.697 F1=0.822
  [Dev-by-EntCount] E=1:acc=0.738(507/687,n=687) | E=2:acc=0.605(161/266,n=133) | E=3:acc=0.500(15/30,n=10) | E=4:acc=1.000(8/8,n=2)
  ℹ️ Best model updated in-memory (disk save is OFF)
[Epoch 1] Loss=0.5766 (excl=0.0003, info_nce=0.5764) | Dev P=1.000 R=0.710 F1=0.831
  [Dev-by-EntCount] E=1:acc=0.753(517/687,n=687) | E=2:acc=0.613(163/266,n=133) | E=3:acc=0.533(16/30,n=10) | E=4:acc=1.000(8/8,n=2)
  ℹ️ Best model updated in-memory (disk save is OFF)
[Epoch 2] Loss=0.5100 (excl=0.0003, info_nce=0.5099) | Dev P=1.000 R=0.718 F1=0.836
  [Dev-by-EntCount] E=1:acc=0.758(521/687,n=687) | E=2:acc=0.628(167/266,n=133) | E=3:acc=0.533(16/30,n=10) | E=4:acc=1.000(8/8,n=2)
  ℹ️ Best model updated in-memory (disk save is OFF)
[Epoch 3] Loss=0.4583 (excl=0.0002, info_nce=0.4581) | Dev P=1.000 R=0.712 F1=0.832
  [Dev-by-EntCount] E=1:acc=0.761(523/687,n=687) | E=2:acc=0.609(162/266,n=133) | E=3:acc=0.433(13/30,n=10) | E=4:acc=1.000(8/8,n=2)
[Epoch 4] Loss=0.3895 (excl=0.0002, info_nce=0.3894) | Dev P=1.000 R=0.725 F1=0.840
  [Dev-by-EntCount] E=1:acc=0.764(525/687,n=687) | E=2:acc=0.632(168/266,n=133) | E=3:acc=0.567(17/30,n=10) | E=4:acc=1.000(8/8,n=2)
  ℹ️ Best model updated in-memory (disk save is OFF)
[Epoch 5] Loss=0.3198 (excl=0.0002, info_nce=0.3197) | Dev P=1.000 R=0.723 F1=0.839
  [Dev-by-EntCount] E=1:acc=0.769(528/687,n=687) | E=2:acc=0.624(166/266,n=133) | E=3:acc=0.533(16/30,n=10) | E=4:acc=0.750(6/8,n=2)
[TEST] P=1.000 R=0.732 F1=0.845
[TEST-by-EntCount] E=1:acc=0.794(547/689,n=689) | E=2:acc=0.617(179/290,n=145) | E=3:acc=0.604(29/48,n=16) | E=4:acc=0.667(8/12,n=3) | E=5:acc=0.500(5/10,n=2)
[DONE-RUN] temp=0.5 topk=64
============================================================
[RUN] temp=0.5 topk=128
============================================================
[INFO] Wrote config.py (InfoNCE+Excl slim trainer)
[INFO] Start training: /workspace/conda-envs/anc/bin/python main_train_infonce_excl.py
[HP][InfoNCE+Excl] batch=4 epochs=6 lr=5e-06 temp=0.5 | seed=45 save_best=0 | w(excl=0.6,info_nce=1.0) | info_nce_tau=0.05 info_nce_topk_neg=128 | excl_margin=0.3 excl_mode=sim_prob excl_variant=pairwise | excl_pair(alpha=0.5,beta=0.3,region_sim=iou,type_mode=neutral,type_factor=1.5,name_thr=0.5,region_thr=0.5,easy_scale=0.5,hard_scale=1.5)
[Epoch 0] Loss=0.8000 (excl=0.0003, info_nce=0.7998) | Dev P=1.000 R=0.697 F1=0.822
  [Dev-by-EntCount] E=1:acc=0.738(507/687,n=687) | E=2:acc=0.605(161/266,n=133) | E=3:acc=0.500(15/30,n=10) | E=4:acc=1.000(8/8,n=2)
  ℹ️ Best model updated in-memory (disk save is OFF)
[Epoch 1] Loss=0.5766 (excl=0.0003, info_nce=0.5764) | Dev P=1.000 R=0.710 F1=0.831
  [Dev-by-EntCount] E=1:acc=0.753(517/687,n=687) | E=2:acc=0.613(163/266,n=133) | E=3:acc=0.533(16/30,n=10) | E=4:acc=1.000(8/8,n=2)
  ℹ️ Best model updated in-memory (disk save is OFF)
[Epoch 2] Loss=0.5100 (excl=0.0003, info_nce=0.5099) | Dev P=1.000 R=0.718 F1=0.836
  [Dev-by-EntCount] E=1:acc=0.758(521/687,n=687) | E=2:acc=0.628(167/266,n=133) | E=3:acc=0.533(16/30,n=10) | E=4:acc=1.000(8/8,n=2)
  ℹ️ Best model updated in-memory (disk save is OFF)
[Epoch 3] Loss=0.4583 (excl=0.0002, info_nce=0.4581) | Dev P=1.000 R=0.712 F1=0.832
  [Dev-by-EntCount] E=1:acc=0.761(523/687,n=687) | E=2:acc=0.609(162/266,n=133) | E=3:acc=0.433(13/30,n=10) | E=4:acc=1.000(8/8,n=2)
[Epoch 4] Loss=0.3895 (excl=0.0002, info_nce=0.3894) | Dev P=1.000 R=0.725 F1=0.840
  [Dev-by-EntCount] E=1:acc=0.764(525/687,n=687) | E=2:acc=0.632(168/266,n=133) | E=3:acc=0.567(17/30,n=10) | E=4:acc=1.000(8/8,n=2)
  ℹ️ Best model updated in-memory (disk save is OFF)
[Epoch 5] Loss=0.3198 (excl=0.0002, info_nce=0.3197) | Dev P=1.000 R=0.723 F1=0.839
  [Dev-by-EntCount] E=1:acc=0.769(528/687,n=687) | E=2:acc=0.624(166/266,n=133) | E=3:acc=0.533(16/30,n=10) | E=4:acc=0.750(6/8,n=2)
[TEST] P=1.000 R=0.732 F1=0.845
[TEST-by-EntCount] E=1:acc=0.794(547/689,n=689) | E=2:acc=0.617(179/290,n=145) | E=3:acc=0.604(29/48,n=16) | E=4:acc=0.667(8/12,n=3) | E=5:acc=0.500(5/10,n=2)
[DONE-RUN] temp=0.5 topk=128
============================================================
[RUN] temp=0.7 topk=8
============================================================
[INFO] Wrote config.py (InfoNCE+Excl slim trainer)
[INFO] Start training: /workspace/conda-envs/anc/bin/python main_train_infonce_excl.py
[HP][InfoNCE+Excl] batch=4 epochs=6 lr=5e-06 temp=0.7 | seed=45 save_best=0 | w(excl=0.6,info_nce=1.0) | info_nce_tau=0.05 info_nce_topk_neg=8 | excl_margin=0.3 excl_mode=sim_prob excl_variant=pairwise | excl_pair(alpha=0.5,beta=0.3,region_sim=iou,type_mode=neutral,type_factor=1.5,name_thr=0.5,region_thr=0.5,easy_scale=0.5,hard_scale=1.5)
[Epoch 0] Loss=0.7463 (excl=0.0003, info_nce=0.7461) | Dev P=1.000 R=0.700 F1=0.824
  [Dev-by-EntCount] E=1:acc=0.738(507/687,n=687) | E=2:acc=0.624(166/266,n=133) | E=3:acc=0.433(13/30,n=10) | E=4:acc=1.000(8/8,n=2)
  ℹ️ Best model updated in-memory (disk save is OFF)
[Epoch 1] Loss=0.5667 (excl=0.0003, info_nce=0.5665) | Dev P=1.000 R=0.708 F1=0.829
  [Dev-by-EntCount] E=1:acc=0.758(521/687,n=687) | E=2:acc=0.598(159/266,n=133) | E=3:acc=0.467(14/30,n=10) | E=4:acc=1.000(8/8,n=2)
  ℹ️ Best model updated in-memory (disk save is OFF)
[Epoch 2] Loss=0.5019 (excl=0.0003, info_nce=0.5017) | Dev P=1.000 R=0.709 F1=0.830
  [Dev-by-EntCount] E=1:acc=0.757(520/687,n=687) | E=2:acc=0.613(163/266,n=133) | E=3:acc=0.400(12/30,n=10) | E=4:acc=1.000(8/8,n=2)
  ℹ️ Best model updated in-memory (disk save is OFF)
[Epoch 3] Loss=0.4536 (excl=0.0002, info_nce=0.4535) | Dev P=1.000 R=0.718 F1=0.836
  [Dev-by-EntCount] E=1:acc=0.763(524/687,n=687) | E=2:acc=0.620(165/266,n=133) | E=3:acc=0.500(15/30,n=10) | E=4:acc=1.000(8/8,n=2)
  ℹ️ Best model updated in-memory (disk save is OFF)
[Epoch 4] Loss=0.3954 (excl=0.0002, info_nce=0.3952) | Dev P=1.000 R=0.721 F1=0.838
  [Dev-by-EntCount] E=1:acc=0.761(523/687,n=687) | E=2:acc=0.635(169/266,n=133) | E=3:acc=0.500(15/30,n=10) | E=4:acc=1.000(8/8,n=2)
  ℹ️ Best model updated in-memory (disk save is OFF)
[Epoch 5] Loss=0.3245 (excl=0.0002, info_nce=0.3244) | Dev P=1.000 R=0.736 F1=0.848
  [Dev-by-EntCount] E=1:acc=0.764(525/687,n=687) | E=2:acc=0.677(180/266,n=133) | E=3:acc=0.533(16/30,n=10) | E=4:acc=1.000(8/8,n=2)
  ℹ️ Best model updated in-memory (disk save is OFF)
[TEST] P=1.000 R=0.721 F1=0.838
[TEST-by-EntCount] E=1:acc=0.785(541/689,n=689) | E=2:acc=0.617(179/290,n=145) | E=3:acc=0.562(27/48,n=16) | E=4:acc=0.417(5/12,n=3) | E=5:acc=0.400(4/10,n=2)
[DONE-RUN] temp=0.7 topk=8
============================================================
[RUN] temp=0.7 topk=16
============================================================
[INFO] Wrote config.py (InfoNCE+Excl slim trainer)
[INFO] Start training: /workspace/conda-envs/anc/bin/python main_train_infonce_excl.py
[HP][InfoNCE+Excl] batch=4 epochs=6 lr=5e-06 temp=0.7 | seed=45 save_best=0 | w(excl=0.6,info_nce=1.0) | info_nce_tau=0.05 info_nce_topk_neg=16 | excl_margin=0.3 excl_mode=sim_prob excl_variant=pairwise | excl_pair(alpha=0.5,beta=0.3,region_sim=iou,type_mode=neutral,type_factor=1.5,name_thr=0.5,region_thr=0.5,easy_scale=0.5,hard_scale=1.5)
[Epoch 0] Loss=0.7832 (excl=0.0003, info_nce=0.7830) | Dev P=1.000 R=0.701 F1=0.824
  [Dev-by-EntCount] E=1:acc=0.741(509/687,n=687) | E=2:acc=0.613(163/266,n=133) | E=3:acc=0.500(15/30,n=10) | E=4:acc=1.000(8/8,n=2)
  ℹ️ Best model updated in-memory (disk save is OFF)
[Epoch 1] Loss=0.5793 (excl=0.0003, info_nce=0.5792) | Dev P=1.000 R=0.710 F1=0.831
  [Dev-by-EntCount] E=1:acc=0.758(521/687,n=687) | E=2:acc=0.602(160/266,n=133) | E=3:acc=0.500(15/30,n=10) | E=4:acc=1.000(8/8,n=2)
  ℹ️ Best model updated in-memory (disk save is OFF)
[Epoch 2] Loss=0.5111 (excl=0.0002, info_nce=0.5109) | Dev P=1.000 R=0.710 F1=0.831
  [Dev-by-EntCount] E=1:acc=0.757(520/687,n=687) | E=2:acc=0.602(160/266,n=133) | E=3:acc=0.533(16/30,n=10) | E=4:acc=1.000(8/8,n=2)
[Epoch 3] Loss=0.4650 (excl=0.0002, info_nce=0.4649) | Dev P=1.000 R=0.714 F1=0.833
  [Dev-by-EntCount] E=1:acc=0.760(522/687,n=687) | E=2:acc=0.605(161/266,n=133) | E=3:acc=0.567(17/30,n=10) | E=4:acc=1.000(8/8,n=2)
  ℹ️ Best model updated in-memory (disk save is OFF)
[Epoch 4] Loss=0.4029 (excl=0.0002, info_nce=0.4028) | Dev P=1.000 R=0.716 F1=0.835
  [Dev-by-EntCount] E=1:acc=0.767(527/687,n=687) | E=2:acc=0.605(161/266,n=133) | E=3:acc=0.467(14/30,n=10) | E=4:acc=1.000(8/8,n=2)
  ℹ️ Best model updated in-memory (disk save is OFF)
[Epoch 5] Loss=0.3384 (excl=0.0002, info_nce=0.3383) | Dev P=1.000 R=0.728 F1=0.842
  [Dev-by-EntCount] E=1:acc=0.769(528/687,n=687) | E=2:acc=0.643(171/266,n=133) | E=3:acc=0.467(14/30,n=10) | E=4:acc=1.000(8/8,n=2)
  ℹ️ Best model updated in-memory (disk save is OFF)
[TEST] P=1.000 R=0.728 F1=0.843
[TEST-by-EntCount] E=1:acc=0.782(539/689,n=689) | E=2:acc=0.631(183/290,n=145) | E=3:acc=0.604(29/48,n=16) | E=4:acc=0.667(8/12,n=3) | E=5:acc=0.500(5/10,n=2)
[DONE-RUN] temp=0.7 topk=16
============================================================
[RUN] temp=0.7 topk=32
============================================================
[INFO] Wrote config.py (InfoNCE+Excl slim trainer)
[INFO] Start training: /workspace/conda-envs/anc/bin/python main_train_infonce_excl.py
[HP][InfoNCE+Excl] batch=4 epochs=6 lr=5e-06 temp=0.7 | seed=45 save_best=0 | w(excl=0.6,info_nce=1.0) | info_nce_tau=0.05 info_nce_topk_neg=32 | excl_margin=0.3 excl_mode=sim_prob excl_variant=pairwise | excl_pair(alpha=0.5,beta=0.3,region_sim=iou,type_mode=neutral,type_factor=1.5,name_thr=0.5,region_thr=0.5,easy_scale=0.5,hard_scale=1.5)
[Epoch 0] Loss=0.7999 (excl=0.0003, info_nce=0.7997) | Dev P=1.000 R=0.695 F1=0.820
  [Dev-by-EntCount] E=1:acc=0.737(506/687,n=687) | E=2:acc=0.605(161/266,n=133) | E=3:acc=0.467(14/30,n=10) | E=4:acc=1.000(8/8,n=2)
  ℹ️ Best model updated in-memory (disk save is OFF)
[Epoch 1] Loss=0.5752 (excl=0.0003, info_nce=0.5750) | Dev P=1.000 R=0.709 F1=0.830
  [Dev-by-EntCount] E=1:acc=0.754(518/687,n=687) | E=2:acc=0.613(163/266,n=133) | E=3:acc=0.467(14/30,n=10) | E=4:acc=1.000(8/8,n=2)
  ℹ️ Best model updated in-memory (disk save is OFF)
[Epoch 2] Loss=0.5071 (excl=0.0002, info_nce=0.5069) | Dev P=1.000 R=0.714 F1=0.833
  [Dev-by-EntCount] E=1:acc=0.760(522/687,n=687) | E=2:acc=0.617(164/266,n=133) | E=3:acc=0.467(14/30,n=10) | E=4:acc=1.000(8/8,n=2)
  ℹ️ Best model updated in-memory (disk save is OFF)
[Epoch 3] Loss=0.4557 (excl=0.0002, info_nce=0.4556) | Dev P=1.000 R=0.708 F1=0.829
  [Dev-by-EntCount] E=1:acc=0.758(521/687,n=687) | E=2:acc=0.594(158/266,n=133) | E=3:acc=0.500(15/30,n=10) | E=4:acc=1.000(8/8,n=2)
[Epoch 4] Loss=0.3867 (excl=0.0002, info_nce=0.3866) | Dev P=1.000 R=0.715 F1=0.834
  [Dev-by-EntCount] E=1:acc=0.761(523/687,n=687) | E=2:acc=0.605(161/266,n=133) | E=3:acc=0.567(17/30,n=10) | E=4:acc=1.000(8/8,n=2)
  ℹ️ Best model updated in-memory (disk save is OFF)
[Epoch 5] Loss=0.3150 (excl=0.0002, info_nce=0.3148) | Dev P=1.000 R=0.721 F1=0.838
  [Dev-by-EntCount] E=1:acc=0.761(523/687,n=687) | E=2:acc=0.632(168/266,n=133) | E=3:acc=0.533(16/30,n=10) | E=4:acc=1.000(8/8,n=2)
  ℹ️ Best model updated in-memory (disk save is OFF)
[TEST] P=1.000 R=0.729 F1=0.843
[TEST-by-EntCount] E=1:acc=0.790(544/689,n=689) | E=2:acc=0.624(181/290,n=145) | E=3:acc=0.583(28/48,n=16) | E=4:acc=0.667(8/12,n=3) | E=5:acc=0.400(4/10,n=2)
[DONE-RUN] temp=0.7 topk=32
============================================================
[RUN] temp=0.7 topk=64
============================================================
[INFO] Wrote config.py (InfoNCE+Excl slim trainer)
[INFO] Start training: /workspace/conda-envs/anc/bin/python main_train_infonce_excl.py
[HP][InfoNCE+Excl] batch=4 epochs=6 lr=5e-06 temp=0.7 | seed=45 save_best=0 | w(excl=0.6,info_nce=1.0) | info_nce_tau=0.05 info_nce_topk_neg=64 | excl_margin=0.3 excl_mode=sim_prob excl_variant=pairwise | excl_pair(alpha=0.5,beta=0.3,region_sim=iou,type_mode=neutral,type_factor=1.5,name_thr=0.5,region_thr=0.5,easy_scale=0.5,hard_scale=1.5)
[Epoch 0] Loss=0.7972 (excl=0.0003, info_nce=0.7970) | Dev P=1.000 R=0.693 F1=0.819
  [Dev-by-EntCount] E=1:acc=0.735(505/687,n=687) | E=2:acc=0.602(160/266,n=133) | E=3:acc=0.467(14/30,n=10) | E=4:acc=1.000(8/8,n=2)
  ℹ️ Best model updated in-memory (disk save is OFF)
[Epoch 1] Loss=0.5771 (excl=0.0003, info_nce=0.5770) | Dev P=1.000 R=0.710 F1=0.831
  [Dev-by-EntCount] E=1:acc=0.754(518/687,n=687) | E=2:acc=0.620(165/266,n=133) | E=3:acc=0.433(13/30,n=10) | E=4:acc=1.000(8/8,n=2)
  ℹ️ Best model updated in-memory (disk save is OFF)
[Epoch 2] Loss=0.5110 (excl=0.0002, info_nce=0.5108) | Dev P=1.000 R=0.707 F1=0.829
  [Dev-by-EntCount] E=1:acc=0.757(520/687,n=687) | E=2:acc=0.602(160/266,n=133) | E=3:acc=0.433(13/30,n=10) | E=4:acc=1.000(8/8,n=2)
[Epoch 3] Loss=0.4551 (excl=0.0002, info_nce=0.4550) | Dev P=1.000 R=0.717 F1=0.835
  [Dev-by-EntCount] E=1:acc=0.764(525/687,n=687) | E=2:acc=0.613(163/266,n=133) | E=3:acc=0.500(15/30,n=10) | E=4:acc=1.000(8/8,n=2)
  ℹ️ Best model updated in-memory (disk save is OFF)
[Epoch 4] Loss=0.3850 (excl=0.0002, info_nce=0.3849) | Dev P=1.000 R=0.725 F1=0.840
  [Dev-by-EntCount] E=1:acc=0.770(529/687,n=687) | E=2:acc=0.624(166/266,n=133) | E=3:acc=0.500(15/30,n=10) | E=4:acc=1.000(8/8,n=2)
  ℹ️ Best model updated in-memory (disk save is OFF)
[Epoch 5] Loss=0.3151 (excl=0.0002, info_nce=0.3150) | Dev P=1.000 R=0.718 F1=0.836
  [Dev-by-EntCount] E=1:acc=0.766(526/687,n=687) | E=2:acc=0.620(165/266,n=133) | E=3:acc=0.500(15/30,n=10) | E=4:acc=0.750(6/8,n=2)
[TEST] P=1.000 R=0.729 F1=0.843
[TEST-by-EntCount] E=1:acc=0.787(542/689,n=689) | E=2:acc=0.621(180/290,n=145) | E=3:acc=0.604(29/48,n=16) | E=4:acc=0.667(8/12,n=3) | E=5:acc=0.600(6/10,n=2)
[DONE-RUN] temp=0.7 topk=64
============================================================
[RUN] temp=0.7 topk=128
============================================================
[INFO] Wrote config.py (InfoNCE+Excl slim trainer)
[INFO] Start training: /workspace/conda-envs/anc/bin/python main_train_infonce_excl.py
[HP][InfoNCE+Excl] batch=4 epochs=6 lr=5e-06 temp=0.7 | seed=45 save_best=0 | w(excl=0.6,info_nce=1.0) | info_nce_tau=0.05 info_nce_topk_neg=128 | excl_margin=0.3 excl_mode=sim_prob excl_variant=pairwise | excl_pair(alpha=0.5,beta=0.3,region_sim=iou,type_mode=neutral,type_factor=1.5,name_thr=0.5,region_thr=0.5,easy_scale=0.5,hard_scale=1.5)
[Epoch 0] Loss=0.7972 (excl=0.0003, info_nce=0.7970) | Dev P=1.000 R=0.693 F1=0.819
  [Dev-by-EntCount] E=1:acc=0.735(505/687,n=687) | E=2:acc=0.602(160/266,n=133) | E=3:acc=0.467(14/30,n=10) | E=4:acc=1.000(8/8,n=2)
  ℹ️ Best model updated in-memory (disk save is OFF)
[Epoch 1] Loss=0.5771 (excl=0.0003, info_nce=0.5770) | Dev P=1.000 R=0.710 F1=0.831
  [Dev-by-EntCount] E=1:acc=0.754(518/687,n=687) | E=2:acc=0.620(165/266,n=133) | E=3:acc=0.433(13/30,n=10) | E=4:acc=1.000(8/8,n=2)
  ℹ️ Best model updated in-memory (disk save is OFF)
[Epoch 2] Loss=0.5110 (excl=0.0002, info_nce=0.5108) | Dev P=1.000 R=0.707 F1=0.829
  [Dev-by-EntCount] E=1:acc=0.757(520/687,n=687) | E=2:acc=0.602(160/266,n=133) | E=3:acc=0.433(13/30,n=10) | E=4:acc=1.000(8/8,n=2)
[Epoch 3] Loss=0.4551 (excl=0.0002, info_nce=0.4550) | Dev P=1.000 R=0.717 F1=0.835
  [Dev-by-EntCount] E=1:acc=0.764(525/687,n=687) | E=2:acc=0.613(163/266,n=133) | E=3:acc=0.500(15/30,n=10) | E=4:acc=1.000(8/8,n=2)
  ℹ️ Best model updated in-memory (disk save is OFF)
[Epoch 4] Loss=0.3850 (excl=0.0002, info_nce=0.3849) | Dev P=1.000 R=0.725 F1=0.840
  [Dev-by-EntCount] E=1:acc=0.770(529/687,n=687) | E=2:acc=0.624(166/266,n=133) | E=3:acc=0.500(15/30,n=10) | E=4:acc=1.000(8/8,n=2)
  ℹ️ Best model updated in-memory (disk save is OFF)
[Epoch 5] Loss=0.3151 (excl=0.0002, info_nce=0.3150) | Dev P=1.000 R=0.718 F1=0.836
  [Dev-by-EntCount] E=1:acc=0.766(526/687,n=687) | E=2:acc=0.620(165/266,n=133) | E=3:acc=0.500(15/30,n=10) | E=4:acc=0.750(6/8,n=2)
[TEST] P=1.000 R=0.729 F1=0.843
[TEST-by-EntCount] E=1:acc=0.787(542/689,n=689) | E=2:acc=0.621(180/290,n=145) | E=3:acc=0.604(29/48,n=16) | E=4:acc=0.667(8/12,n=3) | E=5:acc=0.600(6/10,n=2)
[DONE-RUN] temp=0.7 topk=128
============================================================
[RUN] temp=0.9 topk=8
============================================================
[INFO] Wrote config.py (InfoNCE+Excl slim trainer)
[INFO] Start training: /workspace/conda-envs/anc/bin/python main_train_infonce_excl.py
[HP][InfoNCE+Excl] batch=4 epochs=6 lr=5e-06 temp=0.9 | seed=45 save_best=0 | w(excl=0.6,info_nce=1.0) | info_nce_tau=0.05 info_nce_topk_neg=8 | excl_margin=0.3 excl_mode=sim_prob excl_variant=pairwise | excl_pair(alpha=0.5,beta=0.3,region_sim=iou,type_mode=neutral,type_factor=1.5,name_thr=0.5,region_thr=0.5,easy_scale=0.5,hard_scale=1.5)
[Epoch 0] Loss=0.7518 (excl=0.0003, info_nce=0.7516) | Dev P=1.000 R=0.692 F1=0.818
  [Dev-by-EntCount] E=1:acc=0.735(505/687,n=687) | E=2:acc=0.598(159/266,n=133) | E=3:acc=0.467(14/30,n=10) | E=4:acc=1.000(8/8,n=2)
  ℹ️ Best model updated in-memory (disk save is OFF)
[Epoch 1] Loss=0.5683 (excl=0.0003, info_nce=0.5681) | Dev P=1.000 R=0.712 F1=0.832
  [Dev-by-EntCount] E=1:acc=0.755(519/687,n=687) | E=2:acc=0.620(165/266,n=133) | E=3:acc=0.467(14/30,n=10) | E=4:acc=1.000(8/8,n=2)
  ℹ️ Best model updated in-memory (disk save is OFF)
[Epoch 2] Loss=0.5052 (excl=0.0002, info_nce=0.5051) | Dev P=1.000 R=0.709 F1=0.830
  [Dev-by-EntCount] E=1:acc=0.755(519/687,n=687) | E=2:acc=0.613(163/266,n=133) | E=3:acc=0.433(13/30,n=10) | E=4:acc=1.000(8/8,n=2)
[Epoch 3] Loss=0.4575 (excl=0.0002, info_nce=0.4574) | Dev P=1.000 R=0.719 F1=0.837
  [Dev-by-EntCount] E=1:acc=0.766(526/687,n=687) | E=2:acc=0.613(163/266,n=133) | E=3:acc=0.533(16/30,n=10) | E=4:acc=1.000(8/8,n=2)
  ℹ️ Best model updated in-memory (disk save is OFF)
[Epoch 4] Loss=0.4025 (excl=0.0002, info_nce=0.4024) | Dev P=1.000 R=0.726 F1=0.841
  [Dev-by-EntCount] E=1:acc=0.766(526/687,n=687) | E=2:acc=0.628(167/266,n=133) | E=3:acc=0.600(18/30,n=10) | E=4:acc=1.000(8/8,n=2)
  ℹ️ Best model updated in-memory (disk save is OFF)
[Epoch 5] Loss=0.3392 (excl=0.0002, info_nce=0.3391) | Dev P=1.000 R=0.724 F1=0.840
  [Dev-by-EntCount] E=1:acc=0.770(529/687,n=687) | E=2:acc=0.632(168/266,n=133) | E=3:acc=0.433(13/30,n=10) | E=4:acc=0.875(7/8,n=2)
[TEST] P=1.000 R=0.731 F1=0.845
[TEST-by-EntCount] E=1:acc=0.790(544/689,n=689) | E=2:acc=0.628(182/290,n=145) | E=3:acc=0.583(28/48,n=16) | E=4:acc=0.667(8/12,n=3) | E=5:acc=0.500(5/10,n=2)
[DONE-RUN] temp=0.9 topk=8
============================================================
[RUN] temp=0.9 topk=16
============================================================
[INFO] Wrote config.py (InfoNCE+Excl slim trainer)
[INFO] Start training: /workspace/conda-envs/anc/bin/python main_train_infonce_excl.py
[HP][InfoNCE+Excl] batch=4 epochs=6 lr=5e-06 temp=0.9 | seed=45 save_best=0 | w(excl=0.6,info_nce=1.0) | info_nce_tau=0.05 info_nce_topk_neg=16 | excl_margin=0.3 excl_mode=sim_prob excl_variant=pairwise | excl_pair(alpha=0.5,beta=0.3,region_sim=iou,type_mode=neutral,type_factor=1.5,name_thr=0.5,region_thr=0.5,easy_scale=0.5,hard_scale=1.5)
[Epoch 0] Loss=0.7839 (excl=0.0003, info_nce=0.7837) | Dev P=1.000 R=0.700 F1=0.824
  [Dev-by-EntCount] E=1:acc=0.739(508/687,n=687) | E=2:acc=0.609(162/266,n=133) | E=3:acc=0.533(16/30,n=10) | E=4:acc=1.000(8/8,n=2)
  ℹ️ Best model updated in-memory (disk save is OFF)
[Epoch 1] Loss=0.5784 (excl=0.0003, info_nce=0.5783) | Dev P=1.000 R=0.710 F1=0.831
  [Dev-by-EntCount] E=1:acc=0.755(519/687,n=687) | E=2:acc=0.617(164/266,n=133) | E=3:acc=0.433(13/30,n=10) | E=4:acc=1.000(8/8,n=2)
  ℹ️ Best model updated in-memory (disk save is OFF)
[Epoch 2] Loss=0.5157 (excl=0.0002, info_nce=0.5155) | Dev P=1.000 R=0.709 F1=0.830
  [Dev-by-EntCount] E=1:acc=0.755(519/687,n=687) | E=2:acc=0.613(163/266,n=133) | E=3:acc=0.433(13/30,n=10) | E=4:acc=1.000(8/8,n=2)
[Epoch 3] Loss=0.4625 (excl=0.0002, info_nce=0.4623) | Dev P=1.000 R=0.714 F1=0.833
  [Dev-by-EntCount] E=1:acc=0.758(521/687,n=687) | E=2:acc=0.617(164/266,n=133) | E=3:acc=0.500(15/30,n=10) | E=4:acc=1.000(8/8,n=2)
  ℹ️ Best model updated in-memory (disk save is OFF)
[Epoch 4] Loss=0.3969 (excl=0.0002, info_nce=0.3968) | Dev P=1.000 R=0.724 F1=0.840
  [Dev-by-EntCount] E=1:acc=0.771(530/687,n=687) | E=2:acc=0.620(165/266,n=133) | E=3:acc=0.467(14/30,n=10) | E=4:acc=1.000(8/8,n=2)
  ℹ️ Best model updated in-memory (disk save is OFF)
[Epoch 5] Loss=0.3259 (excl=0.0002, info_nce=0.3258) | Dev P=1.000 R=0.719 F1=0.837
  [Dev-by-EntCount] E=1:acc=0.766(526/687,n=687) | E=2:acc=0.620(165/266,n=133) | E=3:acc=0.467(14/30,n=10) | E=4:acc=1.000(8/8,n=2)
[TEST] P=1.000 R=0.727 F1=0.842
[TEST-by-EntCount] E=1:acc=0.787(542/689,n=689) | E=2:acc=0.624(181/290,n=145) | E=3:acc=0.562(27/48,n=16) | E=4:acc=0.667(8/12,n=3) | E=5:acc=0.500(5/10,n=2)
[DONE-RUN] temp=0.9 topk=16
============================================================
[RUN] temp=0.9 topk=32
============================================================
[INFO] Wrote config.py (InfoNCE+Excl slim trainer)
[INFO] Start training: /workspace/conda-envs/anc/bin/python main_train_infonce_excl.py
[HP][InfoNCE+Excl] batch=4 epochs=6 lr=5e-06 temp=0.9 | seed=45 save_best=0 | w(excl=0.6,info_nce=1.0) | info_nce_tau=0.05 info_nce_topk_neg=32 | excl_margin=0.3 excl_mode=sim_prob excl_variant=pairwise | excl_pair(alpha=0.5,beta=0.3,region_sim=iou,type_mode=neutral,type_factor=1.5,name_thr=0.5,region_thr=0.5,easy_scale=0.5,hard_scale=1.5)
[Epoch 0] Loss=0.7954 (excl=0.0003, info_nce=0.7952) | Dev P=1.000 R=0.697 F1=0.822
  [Dev-by-EntCount] E=1:acc=0.737(506/687,n=687) | E=2:acc=0.613(163/266,n=133) | E=3:acc=0.467(14/30,n=10) | E=4:acc=1.000(8/8,n=2)
  ℹ️ Best model updated in-memory (disk save is OFF)
[Epoch 1] Loss=0.5833 (excl=0.0003, info_nce=0.5831) | Dev P=1.000 R=0.710 F1=0.831
  [Dev-by-EntCount] E=1:acc=0.755(519/687,n=687) | E=2:acc=0.613(163/266,n=133) | E=3:acc=0.467(14/30,n=10) | E=4:acc=1.000(8/8,n=2)
  ℹ️ Best model updated in-memory (disk save is OFF)
[Epoch 2] Loss=0.5162 (excl=0.0002, info_nce=0.5161) | Dev P=1.000 R=0.713 F1=0.833
  [Dev-by-EntCount] E=1:acc=0.754(518/687,n=687) | E=2:acc=0.620(165/266,n=133) | E=3:acc=0.533(16/30,n=10) | E=4:acc=1.000(8/8,n=2)
  ℹ️ Best model updated in-memory (disk save is OFF)
[Epoch 3] Loss=0.4613 (excl=0.0002, info_nce=0.4611) | Dev P=1.000 R=0.711 F1=0.831
  [Dev-by-EntCount] E=1:acc=0.755(519/687,n=687) | E=2:acc=0.613(163/266,n=133) | E=3:acc=0.500(15/30,n=10) | E=4:acc=1.000(8/8,n=2)
[Epoch 4] Loss=0.3943 (excl=0.0002, info_nce=0.3941) | Dev P=1.000 R=0.716 F1=0.835
  [Dev-by-EntCount] E=1:acc=0.758(521/687,n=687) | E=2:acc=0.624(166/266,n=133) | E=3:acc=0.567(17/30,n=10) | E=4:acc=0.750(6/8,n=2)
  ℹ️ Best model updated in-memory (disk save is OFF)
[Epoch 5] Loss=0.3228 (excl=0.0002, info_nce=0.3227) | Dev P=1.000 R=0.727 F1=0.842
  [Dev-by-EntCount] E=1:acc=0.760(522/687,n=687) | E=2:acc=0.658(175/266,n=133) | E=3:acc=0.500(15/30,n=10) | E=4:acc=1.000(8/8,n=2)
  ℹ️ Best model updated in-memory (disk save is OFF)
[TEST] P=1.000 R=0.732 F1=0.845
[TEST-by-EntCount] E=1:acc=0.788(543/689,n=689) | E=2:acc=0.634(184/290,n=145) | E=3:acc=0.604(29/48,n=16) | E=4:acc=0.583(7/12,n=3) | E=5:acc=0.500(5/10,n=2)
[DONE-RUN] temp=0.9 topk=32
============================================================
[RUN] temp=0.9 topk=64
============================================================
[INFO] Wrote config.py (InfoNCE+Excl slim trainer)
[INFO] Start training: /workspace/conda-envs/anc/bin/python main_train_infonce_excl.py
[HP][InfoNCE+Excl] batch=4 epochs=6 lr=5e-06 temp=0.9 | seed=45 save_best=0 | w(excl=0.6,info_nce=1.0) | info_nce_tau=0.05 info_nce_topk_neg=64 | excl_margin=0.3 excl_mode=sim_prob excl_variant=pairwise | excl_pair(alpha=0.5,beta=0.3,region_sim=iou,type_mode=neutral,type_factor=1.5,name_thr=0.5,region_thr=0.5,easy_scale=0.5,hard_scale=1.5)
[Epoch 0] Loss=0.7977 (excl=0.0003, info_nce=0.7975) | Dev P=1.000 R=0.692 F1=0.818
  [Dev-by-EntCount] E=1:acc=0.734(504/687,n=687) | E=2:acc=0.605(161/266,n=133) | E=3:acc=0.433(13/30,n=10) | E=4:acc=1.000(8/8,n=2)
  ℹ️ Best model updated in-memory (disk save is OFF)
[Epoch 1] Loss=0.5844 (excl=0.0003, info_nce=0.5843) | Dev P=1.000 R=0.706 F1=0.828
  [Dev-by-EntCount] E=1:acc=0.751(516/687,n=687) | E=2:acc=0.613(163/266,n=133) | E=3:acc=0.433(13/30,n=10) | E=4:acc=1.000(8/8,n=2)
  ℹ️ Best model updated in-memory (disk save is OFF)
[Epoch 2] Loss=0.5165 (excl=0.0002, info_nce=0.5164) | Dev P=1.000 R=0.708 F1=0.829
  [Dev-by-EntCount] E=1:acc=0.750(515/687,n=687) | E=2:acc=0.617(164/266,n=133) | E=3:acc=0.500(15/30,n=10) | E=4:acc=1.000(8/8,n=2)
  ℹ️ Best model updated in-memory (disk save is OFF)
