[START] logs/sweep_bertbase_lr_from_roberta_2026-03-14_12-46-36.log
===== [RUN] LR=3e-6 =====
[INFO] Wrote config.py (InfoNCE+Excl slim trainer)
[INFO] Start training: /workspace/conda-envs/anc/bin/python main_train_infonce_excl.py
[HP][InfoNCE+Excl] batch=4 epochs=6 lr=3e-06 temp=0.8 | seed=45 save_best=0 | w(excl=0.6,info_nce=1.0) | info_nce_tau=0.05 info_nce_topk_neg=32 | excl_margin=0.3 excl_mode=sim_prob excl_variant=pairwise | excl_pair(alpha=0.5,beta=0.3,region_sim=iou,type_mode=neutral,type_factor=1.5,name_thr=0.5,region_thr=0.5,easy_scale=0.5,hard_scale=1.5)
[Epoch 0] Loss=0.9012 (excl=0.0003, info_nce=0.9010) | Dev P=1.000 R=0.682 F1=0.811
  [Dev-by-EntCount] E=1:acc=0.723(497/687,n=687) | E=2:acc=0.598(159/266,n=133) | E=3:acc=0.433(13/30,n=10) | E=4:acc=0.875(7/8,n=2)
  ℹ️ Best model updated in-memory (disk save is OFF)
[Epoch 1] Loss=0.6060 (excl=0.0003, info_nce=0.6059) | Dev P=1.000 R=0.698 F1=0.822
  [Dev-by-EntCount] E=1:acc=0.738(507/687,n=687) | E=2:acc=0.613(163/266,n=133) | E=3:acc=0.467(14/30,n=10) | E=4:acc=1.000(8/8,n=2)
  ℹ️ Best model updated in-memory (disk save is OFF)
[Epoch 2] Loss=0.5386 (excl=0.0003, info_nce=0.5384) | Dev P=1.000 R=0.697 F1=0.822
  [Dev-by-EntCount] E=1:acc=0.742(510/687,n=687) | E=2:acc=0.602(160/266,n=133) | E=3:acc=0.433(13/30,n=10) | E=4:acc=1.000(8/8,n=2)
[Epoch 3] Loss=0.4851 (excl=0.0002, info_nce=0.4850) | Dev P=1.000 R=0.709 F1=0.830
  [Dev-by-EntCount] E=1:acc=0.754(518/687,n=687) | E=2:acc=0.613(163/266,n=133) | E=3:acc=0.467(14/30,n=10) | E=4:acc=1.000(8/8,n=2)
  ℹ️ Best model updated in-memory (disk save is OFF)
[Epoch 4] Loss=0.4242 (excl=0.0002, info_nce=0.4241) | Dev P=1.000 R=0.716 F1=0.835
  [Dev-by-EntCount] E=1:acc=0.758(521/687,n=687) | E=2:acc=0.617(164/266,n=133) | E=3:acc=0.567(17/30,n=10) | E=4:acc=1.000(8/8,n=2)
  ℹ️ Best model updated in-memory (disk save is OFF)
[Epoch 5] Loss=0.3608 (excl=0.0002, info_nce=0.3607) | Dev P=1.000 R=0.720 F1=0.838
  [Dev-by-EntCount] E=1:acc=0.761(523/687,n=687) | E=2:acc=0.624(166/266,n=133) | E=3:acc=0.567(17/30,n=10) | E=4:acc=1.000(8/8,n=2)
  ℹ️ Best model updated in-memory (disk save is OFF)
[TEST] P=1.000 R=0.722 F1=0.838
[TEST-by-EntCount] E=1:acc=0.776(535/689,n=689) | E=2:acc=0.624(181/290,n=145) | E=3:acc=0.604(29/48,n=16) | E=4:acc=0.583(7/12,n=3) | E=5:acc=0.500(5/10,n=2)
===== [RUN] LR=5e-6 =====
[INFO] Wrote config.py (InfoNCE+Excl slim trainer)
[INFO] Start training: /workspace/conda-envs/anc/bin/python main_train_infonce_excl.py
[HP][InfoNCE+Excl] batch=4 epochs=6 lr=5e-06 temp=0.8 | seed=45 save_best=0 | w(excl=0.6,info_nce=1.0) | info_nce_tau=0.05 info_nce_topk_neg=32 | excl_margin=0.3 excl_mode=sim_prob excl_variant=pairwise | excl_pair(alpha=0.5,beta=0.3,region_sim=iou,type_mode=neutral,type_factor=1.5,name_thr=0.5,region_thr=0.5,easy_scale=0.5,hard_scale=1.5)
[Epoch 0] Loss=0.8205 (excl=0.0003, info_nce=0.8203) | Dev P=1.000 R=0.692 F1=0.818
  [Dev-by-EntCount] E=1:acc=0.735(505/687,n=687) | E=2:acc=0.605(161/266,n=133) | E=3:acc=0.400(12/30,n=10) | E=4:acc=1.000(8/8,n=2)
  ℹ️ Best model updated in-memory (disk save is OFF)
[Epoch 1] Loss=0.5708 (excl=0.0003, info_nce=0.5706) | Dev P=1.000 R=0.701 F1=0.824
  [Dev-by-EntCount] E=1:acc=0.742(510/687,n=687) | E=2:acc=0.613(163/266,n=133) | E=3:acc=0.467(14/30,n=10) | E=4:acc=1.000(8/8,n=2)
  ℹ️ Best model updated in-memory (disk save is OFF)
[Epoch 2] Loss=0.4878 (excl=0.0002, info_nce=0.4877) | Dev P=1.000 R=0.709 F1=0.830
  [Dev-by-EntCount] E=1:acc=0.757(520/687,n=687) | E=2:acc=0.609(162/266,n=133) | E=3:acc=0.433(13/30,n=10) | E=4:acc=1.000(8/8,n=2)
  ℹ️ Best model updated in-memory (disk save is OFF)
[Epoch 3] Loss=0.4102 (excl=0.0002, info_nce=0.4100) | Dev P=1.000 R=0.720 F1=0.838
  [Dev-by-EntCount] E=1:acc=0.760(522/687,n=687) | E=2:acc=0.635(169/266,n=133) | E=3:acc=0.500(15/30,n=10) | E=4:acc=1.000(8/8,n=2)
  ℹ️ Best model updated in-memory (disk save is OFF)
[Epoch 4] Loss=0.3207 (excl=0.0002, info_nce=0.3205) | Dev P=1.000 R=0.731 F1=0.844
  [Dev-by-EntCount] E=1:acc=0.770(529/687,n=687) | E=2:acc=0.643(171/266,n=133) | E=3:acc=0.567(17/30,n=10) | E=4:acc=0.875(7/8,n=2)
  ℹ️ Best model updated in-memory (disk save is OFF)
[Epoch 5] Loss=0.2386 (excl=0.0002, info_nce=0.2385) | Dev P=1.000 R=0.728 F1=0.842
  [Dev-by-EntCount] E=1:acc=0.770(529/687,n=687) | E=2:acc=0.632(168/266,n=133) | E=3:acc=0.567(17/30,n=10) | E=4:acc=0.875(7/8,n=2)
[TEST] P=1.000 R=0.723 F1=0.839
[TEST-by-EntCount] E=1:acc=0.779(537/689,n=689) | E=2:acc=0.621(180/290,n=145) | E=3:acc=0.604(29/48,n=16) | E=4:acc=0.667(8/12,n=3) | E=5:acc=0.400(4/10,n=2)
===== [RUN] LR=8e-6 =====
[INFO] Wrote config.py (InfoNCE+Excl slim trainer)
[INFO] Start training: /workspace/conda-envs/anc/bin/python main_train_infonce_excl.py
[HP][InfoNCE+Excl] batch=4 epochs=6 lr=8e-06 temp=0.8 | seed=45 save_best=0 | w(excl=0.6,info_nce=1.0) | info_nce_tau=0.05 info_nce_topk_neg=32 | excl_margin=0.3 excl_mode=sim_prob excl_variant=pairwise | excl_pair(alpha=0.5,beta=0.3,region_sim=iou,type_mode=neutral,type_factor=1.5,name_thr=0.5,region_thr=0.5,easy_scale=0.5,hard_scale=1.5)
[Epoch 0] Loss=0.7722 (excl=0.0003, info_nce=0.7721) | Dev P=1.000 R=0.695 F1=0.820
  [Dev-by-EntCount] E=1:acc=0.739(508/687,n=687) | E=2:acc=0.605(161/266,n=133) | E=3:acc=0.400(12/30,n=10) | E=4:acc=1.000(8/8,n=2)
  ℹ️ Best model updated in-memory (disk save is OFF)
[Epoch 1] Loss=0.5436 (excl=0.0002, info_nce=0.5434) | Dev P=1.000 R=0.709 F1=0.830
  [Dev-by-EntCount] E=1:acc=0.754(518/687,n=687) | E=2:acc=0.613(163/266,n=133) | E=3:acc=0.467(14/30,n=10) | E=4:acc=1.000(8/8,n=2)
  ℹ️ Best model updated in-memory (disk save is OFF)
[Epoch 2] Loss=0.4365 (excl=0.0002, info_nce=0.4364) | Dev P=1.000 R=0.713 F1=0.833
  [Dev-by-EntCount] E=1:acc=0.764(525/687,n=687) | E=2:acc=0.605(161/266,n=133) | E=3:acc=0.433(13/30,n=10) | E=4:acc=1.000(8/8,n=2)
  ℹ️ Best model updated in-memory (disk save is OFF)
[Epoch 3] Loss=0.3312 (excl=0.0002, info_nce=0.3311) | Dev P=1.000 R=0.720 F1=0.838
  [Dev-by-EntCount] E=1:acc=0.764(525/687,n=687) | E=2:acc=0.628(167/266,n=133) | E=3:acc=0.467(14/30,n=10) | E=4:acc=1.000(8/8,n=2)
  ℹ️ Best model updated in-memory (disk save is OFF)
[Epoch 4] Loss=0.2215 (excl=0.0002, info_nce=0.2214) | Dev P=1.000 R=0.727 F1=0.842
  [Dev-by-EntCount] E=1:acc=0.767(527/687,n=687) | E=2:acc=0.635(169/266,n=133) | E=3:acc=0.567(17/30,n=10) | E=4:acc=0.875(7/8,n=2)
  ℹ️ Best model updated in-memory (disk save is OFF)
[Epoch 5] Loss=0.1387 (excl=0.0002, info_nce=0.1386) | Dev P=1.000 R=0.725 F1=0.840
  [Dev-by-EntCount] E=1:acc=0.761(523/687,n=687) | E=2:acc=0.650(173/266,n=133) | E=3:acc=0.500(15/30,n=10) | E=4:acc=0.875(7/8,n=2)
[TEST] P=1.000 R=0.724 F1=0.840
[TEST-by-EntCount] E=1:acc=0.778(536/689,n=689) | E=2:acc=0.624(181/290,n=145) | E=3:acc=0.604(29/48,n=16) | E=4:acc=0.667(8/12,n=3) | E=5:acc=0.600(6/10,n=2)
===== [RUN] LR=1e-5 =====
[INFO] Wrote config.py (InfoNCE+Excl slim trainer)
[INFO] Start training: /workspace/conda-envs/anc/bin/python main_train_infonce_excl.py
[HP][InfoNCE+Excl] batch=4 epochs=6 lr=1e-05 temp=0.8 | seed=45 save_best=0 | w(excl=0.6,info_nce=1.0) | info_nce_tau=0.05 info_nce_topk_neg=32 | excl_margin=0.3 excl_mode=sim_prob excl_variant=pairwise | excl_pair(alpha=0.5,beta=0.3,region_sim=iou,type_mode=neutral,type_factor=1.5,name_thr=0.5,region_thr=0.5,easy_scale=0.5,hard_scale=1.5)
[Epoch 0] Loss=0.7566 (excl=0.0003, info_nce=0.7564) | Dev P=1.000 R=0.699 F1=0.823
  [Dev-by-EntCount] E=1:acc=0.739(508/687,n=687) | E=2:acc=0.613(163/266,n=133) | E=3:acc=0.467(14/30,n=10) | E=4:acc=1.000(8/8,n=2)
  ℹ️ Best model updated in-memory (disk save is OFF)
[Epoch 1] Loss=0.5312 (excl=0.0002, info_nce=0.5311) | Dev P=1.000 R=0.714 F1=0.833
  [Dev-by-EntCount] E=1:acc=0.764(525/687,n=687) | E=2:acc=0.609(162/266,n=133) | E=3:acc=0.433(13/30,n=10) | E=4:acc=1.000(8/8,n=2)
  ℹ️ Best model updated in-memory (disk save is OFF)
[Epoch 2] Loss=0.4108 (excl=0.0002, info_nce=0.4106) | Dev P=1.000 R=0.715 F1=0.834
  [Dev-by-EntCount] E=1:acc=0.763(524/687,n=687) | E=2:acc=0.613(163/266,n=133) | E=3:acc=0.467(14/30,n=10) | E=4:acc=1.000(8/8,n=2)
  ℹ️ Best model updated in-memory (disk save is OFF)
[Epoch 3] Loss=0.2912 (excl=0.0002, info_nce=0.2911) | Dev P=1.000 R=0.719 F1=0.837
  [Dev-by-EntCount] E=1:acc=0.760(522/687,n=687) | E=2:acc=0.632(168/266,n=133) | E=3:acc=0.500(15/30,n=10) | E=4:acc=1.000(8/8,n=2)
  ℹ️ Best model updated in-memory (disk save is OFF)
[Epoch 4] Loss=0.1803 (excl=0.0002, info_nce=0.1801) | Dev P=1.000 R=0.718 F1=0.836
  [Dev-by-EntCount] E=1:acc=0.755(519/687,n=687) | E=2:acc=0.632(168/266,n=133) | E=3:acc=0.600(18/30,n=10) | E=4:acc=0.875(7/8,n=2)
[Epoch 5] Loss=0.1011 (excl=0.0002, info_nce=0.1010) | Dev P=1.000 R=0.714 F1=0.833
  [Dev-by-EntCount] E=1:acc=0.760(522/687,n=687) | E=2:acc=0.620(165/266,n=133) | E=3:acc=0.467(14/30,n=10) | E=4:acc=0.875(7/8,n=2)
[TEST] P=1.000 R=0.724 F1=0.840
[TEST-by-EntCount] E=1:acc=0.778(536/689,n=689) | E=2:acc=0.624(181/290,n=145) | E=3:acc=0.604(29/48,n=16) | E=4:acc=0.667(8/12,n=3) | E=5:acc=0.600(6/10,n=2)
[DONE] logs/sweep_bertbase_lr_from_roberta_2026-03-14_12-46-36.log
