[INFO] Wrote config.py (InfoNCE+Excl slim trainer)
[INFO] Start training: /workspace/conda-envs/anc/bin/python main_train_infonce_excl.py
Some weights of RobertaModel were not initialized from the model checkpoint at roberta-large and are newly initialized: ['pooler.dense.bias', 'pooler.dense.weight']
You should probably TRAIN this model on a down-stream task to be able to use it for predictions and inference.
[HP][InfoNCE+Excl] batch=4 epochs=6 lr=5e-06 temp=0.8 | seed=45 save_best=1 | w(excl=0.6,info_nce=1.0) | info_nce_tau=0.05 info_nce_topk_neg=32 | excl_margin=0.3 excl_mode=sim_prob excl_variant=pairwise | excl_pair(alpha=0.5,beta=0.3,region_sim=iou,type_mode=neutral,type_factor=1.5,name_thr=0.5,region_thr=0.5,easy_scale=0.5,hard_scale=1.5)
[Epoch 0] Loss=0.7928 (excl=0.0003, info_nce=0.7926) | Dev P=1.000 R=0.708 F1=0.829
  [Dev-by-EntCount] E=1:acc=0.751(516/687,n=687) | E=2:acc=0.613(163/266,n=133) | E=3:acc=0.500(15/30,n=10) | E=4:acc=1.000(8/8,n=2)
  ✅ Best model saved at /workspace/ancor/pipeline/anchor-guided-collaborative-grounding/runs/best_roberta_fmnerg_seed45.pt
[Epoch 1] Loss=0.5594 (excl=0.0003, info_nce=0.5592) | Dev P=1.000 R=0.716 F1=0.835
  [Dev-by-EntCount] E=1:acc=0.758(521/687,n=687) | E=2:acc=0.628(167/266,n=133) | E=3:acc=0.467(14/30,n=10) | E=4:acc=1.000(8/8,n=2)
  ✅ Best model saved at /workspace/ancor/pipeline/anchor-guided-collaborative-grounding/runs/best_roberta_fmnerg_seed45.pt
[Epoch 2] Loss=0.4850 (excl=0.0003, info_nce=0.4848) | Dev P=1.000 R=0.726 F1=0.841
  [Dev-by-EntCount] E=1:acc=0.771(530/687,n=687) | E=2:acc=0.620(165/266,n=133) | E=3:acc=0.533(16/30,n=10) | E=4:acc=1.000(8/8,n=2)
  ✅ Best model saved at /workspace/ancor/pipeline/anchor-guided-collaborative-grounding/runs/best_roberta_fmnerg_seed45.pt
[Epoch 3] Loss=0.4052 (excl=0.0002, info_nce=0.4051) | Dev P=1.000 R=0.733 F1=0.846
  [Dev-by-EntCount] E=1:acc=0.769(528/687,n=687) | E=2:acc=0.650(173/266,n=133) | E=3:acc=0.567(17/30,n=10) | E=4:acc=1.000(8/8,n=2)
  ✅ Best model saved at /workspace/ancor/pipeline/anchor-guided-collaborative-grounding/runs/best_roberta_fmnerg_seed45.pt
[Epoch 4] Loss=0.3157 (excl=0.0002, info_nce=0.3155) | Dev P=1.000 R=0.728 F1=0.842
  [Dev-by-EntCount] E=1:acc=0.767(527/687,n=687) | E=2:acc=0.650(173/266,n=133) | E=3:acc=0.500(15/30,n=10) | E=4:acc=0.750(6/8,n=2)
[Epoch 5] Loss=0.2350 (excl=0.0003, info_nce=0.2348) | Dev P=1.000 R=0.738 F1=0.849
  [Dev-by-EntCount] E=1:acc=0.769(528/687,n=687) | E=2:acc=0.662(176/266,n=133) | E=3:acc=0.633(19/30,n=10) | E=4:acc=1.000(8/8,n=2)
  ✅ Best model saved at /workspace/ancor/pipeline/anchor-guided-collaborative-grounding/runs/best_roberta_fmnerg_seed45.pt
[TEST] P=1.000 R=0.736 F1=0.848
[TEST-by-EntCount] E=1:acc=0.791(545/689,n=689) | E=2:acc=0.645(187/290,n=145) | E=3:acc=0.583(28/48,n=16) | E=4:acc=0.667(8/12,n=3) | E=5:acc=0.400(4/10,n=2)
