[INFO] Wrote config.py (InfoNCE+Excl slim trainer)
[INFO] Start training: /workspace/conda-envs/anc/bin/python main_train_infonce_excl.py
Traceback (most recent call last):
  File "/workspace/ancor/pipeline/anchor-guided-collaborative-grounding/main_train_infonce_excl.py", line 165, in <module>
    main()
  File "/workspace/ancor/pipeline/anchor-guided-collaborative-grounding/main_train_infonce_excl.py", line 87, in main
    train_loader = DataLoader(
  File "/workspace/conda-envs/anc/lib/python3.10/site-packages/torch/utils/data/dataloader.py", line 383, in __init__
    sampler = RandomSampler(dataset, generator=generator)  # type: ignore[arg-type]
  File "/workspace/conda-envs/anc/lib/python3.10/site-packages/torch/utils/data/sampler.py", line 165, in __init__
    raise ValueError(
ValueError: num_samples should be a positive integer value, but got num_samples=0
[INFO] Wrote config.py (InfoNCE+Excl slim trainer)
[INFO] Start training: /workspace/conda-envs/anc/bin/python main_train_infonce_excl.py
Some weights of RobertaModel were not initialized from the model checkpoint at roberta-large and are newly initialized: ['pooler.dense.bias', 'pooler.dense.weight']
You should probably TRAIN this model on a down-stream task to be able to use it for predictions and inference.
[HP][InfoNCE+Excl] batch=4 epochs=6 lr=5e-06 temp=0.8 | seed=45 save_best=1 | w(excl=0.6,info_nce=1.0) | info_nce_tau=0.05 info_nce_topk_neg=32 | excl_margin=0.3 excl_mode=sim_prob excl_variant=pairwise | excl_pair(alpha=0.5,beta=0.3,region_sim=iou,type_mode=neutral,type_factor=1.5,name_thr=0.5,region_thr=0.5,easy_scale=0.5,hard_scale=1.5)
[Epoch 0] Loss=0.7979 (excl=0.0003, info_nce=0.7977) | Dev P=1.000 R=0.697 F1=0.822
  [Dev-by-EntCount] E=1:acc=0.737(506/687,n=687) | E=2:acc=0.620(165/266,n=133) | E=3:acc=0.400(12/30,n=10) | E=4:acc=1.000(8/8,n=2)
  ✅ Best model saved at /workspace/ancor/pipeline/anchor-guided-collaborative-grounding/runs/best_roberta_repro_seed45.pt
[Epoch 1] Loss=0.5767 (excl=0.0003, info_nce=0.5766) | Dev P=1.000 R=0.715 F1=0.834
  [Dev-by-EntCount] E=1:acc=0.757(520/687,n=687) | E=2:acc=0.620(165/266,n=133) | E=3:acc=0.533(16/30,n=10) | E=4:acc=1.000(8/8,n=2)
  ✅ Best model saved at /workspace/ancor/pipeline/anchor-guided-collaborative-grounding/runs/best_roberta_repro_seed45.pt
[Epoch 2] Loss=0.4924 (excl=0.0002, info_nce=0.4923) | Dev P=1.000 R=0.712 F1=0.832
  [Dev-by-EntCount] E=1:acc=0.757(520/687,n=687) | E=2:acc=0.617(164/266,n=133) | E=3:acc=0.467(14/30,n=10) | E=4:acc=1.000(8/8,n=2)
[Epoch 3] Loss=0.4250 (excl=0.0002, info_nce=0.4248) | Dev P=1.000 R=0.723 F1=0.839
  [Dev-by-EntCount] E=1:acc=0.764(525/687,n=687) | E=2:acc=0.624(166/266,n=133) | E=3:acc=0.567(17/30,n=10) | E=4:acc=1.000(8/8,n=2)
  ✅ Best model saved at /workspace/ancor/pipeline/anchor-guided-collaborative-grounding/runs/best_roberta_repro_seed45.pt
[Epoch 4] Loss=0.3421 (excl=0.0002, info_nce=0.3420) | Dev P=1.000 R=0.735 F1=0.847
  [Dev-by-EntCount] E=1:acc=0.774(532/687,n=687) | E=2:acc=0.639(170/266,n=133) | E=3:acc=0.600(18/30,n=10) | E=4:acc=1.000(8/8,n=2)
  ✅ Best model saved at /workspace/ancor/pipeline/anchor-guided-collaborative-grounding/runs/best_roberta_repro_seed45.pt
[Epoch 5] Loss=0.2592 (excl=0.0002, info_nce=0.2590) | Dev P=1.000 R=0.732 F1=0.845
  [Dev-by-EntCount] E=1:acc=0.771(530/687,n=687) | E=2:acc=0.643(171/266,n=133) | E=3:acc=0.600(18/30,n=10) | E=4:acc=0.750(6/8,n=2)
[TEST] P=1.000 R=0.734 F1=0.847
[TEST-by-EntCount] E=1:acc=0.782(539/689,n=689) | E=2:acc=0.645(187/290,n=145) | E=3:acc=0.667(32/48,n=16) | E=4:acc=0.583(7/12,n=3) | E=5:acc=0.500(5/10,n=2)
